[2026-03-19T16:36:34.508Z] GET http://localhost:3000/ → 200 (80ms, 53122B)
[2026-03-19T16:36:34.595Z] GET http://localhost:3000/_next/static/chunks/Documents_snacksandsipsweb_src_app_globals_3dde203c.css → 200 (14ms, 44533B)
[2026-03-19T16:36:34.596Z] GET http://localhost:3000/_next/static/chunks/%5Bturbopack%5D_browser_dev_hmr-client_hmr-client_ts_6439aca5._.js → 200 (14ms, 671B)
[2026-03-19T16:36:34.596Z] GET http://localhost:3000/_next/static/chunks/3b8a9_next_dist_compiled_react-dom_09771519._.js → 200 (42ms, 1048468B)
[2026-03-19T16:36:34.596Z] GET http://localhost:3000/_next/static/chunks/3b8a9_next_dist_compiled_react-server-dom-turbopack_d02bf5d5._.js → 200 (16ms, 171348B)
[2026-03-19T16:36:34.596Z] GET http://localhost:3000/_next/static/chunks/3b8a9_next_dist_compiled_next-devtools_index_cb57f504.js → 200 (42ms, 816073B)
[2026-03-19T16:36:34.596Z] GET http://localhost:3000/_next/static/chunks/3b8a9_next_dist_compiled_bd962a6d._.js → 200 (16ms, 145631B)
[2026-03-19T16:36:34.596Z] GET http://localhost:3000/_next/static/chunks/3b8a9_next_dist_client_a31fcd97._.js → 200 (33ms, 634911B)
[2026-03-19T16:36:34.596Z] GET http://localhost:3000/_next/static/chunks/3b8a9_next_dist_52ea5e9f._.js → 200 (17ms, 213608B)
[2026-03-19T16:36:34.596Z] GET http://localhost:3000/_next/static/chunks/3b8a9_%40swc_helpers_cjs_c61ebb71._.js → 200 (17ms, 2026B)
[2026-03-19T16:36:34.596Z] GET http://localhost:3000/_next/static/chunks/Documents_snacksandsipsweb_a0ff3932._.js → 200 (16ms, 734B)
[2026-03-19T16:36:34.596Z] GET http://localhost:3000/_next/static/chunks/turbopack-Documents_snacksandsipsweb_df805113._.js → 200 (18ms, 75001B)
[2026-03-19T16:36:34.596Z] GET http://localhost:3000/_next/static/chunks/3b8a9_next_dist_71eaacc2._.js → 200 (21ms, 129895B)
[2026-03-19T16:36:34.596Z] GET http://localhost:3000/_next/static/chunks/3b8a9_next_dist_client_components_builtin_global-error_16a6d191.js → 200 (18ms, 255B)
[2026-03-19T16:36:34.597Z] GET http://localhost:3000/_next/static/chunks/Documents_snacksandsipsweb_2a95ea06._.js → 200 (26ms, 68260B)
[2026-03-19T16:36:34.597Z] GET http://localhost:3000/_next/static/chunks/Documents_snacksandsipsweb_src_app_layout_tsx_16a6d191._.js → 200 (20ms, 341B)
[2026-03-19T16:36:34.597Z] GET http://localhost:3000/_next/static/chunks/3b8a9_next_051026d0._.js → 200 (31ms, 141416B)
[2026-03-19T16:36:34.597Z] GET http://localhost:3000/_next/static/chunks/Documents_snacksandsipsweb_src_app_page_tsx_2471385e._.js → 200 (26ms, 49057B)
[2026-03-19T16:36:34.597Z] GET http://localhost:3000/_next/static/chunks/Documents_snacksandsipsweb_src_app_page_tsx_7afd8e66._.js → 200 (31ms, 327B)
[2026-03-19T16:36:34.597Z] GET https://fonts.googleapis.com/css2?family=Playfair+Display:ital,wght@0,400;0,500;0,600;0,700;1,400;1,500&family=Inter:wght@300;400;500;600&display=swap → 200 (173ms, 20018B)
[2026-03-19T16:36:34.610Z] GET http://localhost:3000/videos/HoneyOnBoard.mov → 206 (11ms, ?B)
[2026-03-19T16:36:34.611Z] GET http://localhost:3000/videos/videodrink.mov → 206 (17ms, ?B)
[2026-03-19T16:36:34.630Z] GET http://localhost:3000/videos/videodrink.mov → 206 (8ms, 29098B)
[2026-03-19T16:36:34.630Z] GET http://localhost:3000/videos/HoneyOnBoard.mov → 206 (8ms, 39453B)
[2026-03-19T16:36:34.789Z] GET https://fonts.gstatic.com/s/playfairdisplay/v40/nuFiD-vYSZviVYUb_rj3ij__anPXDTzYgEM86xQ.woff2 → 200 (171ms, 38460B)
[2026-03-19T16:36:34.789Z] GET https://fonts.gstatic.com/s/inter/v20/UcC73FwrK3iLTeHuS_nVMrMxCp50SjIa1ZL7W0Q5nw.woff2 → 200 (146ms, 48432B)
[2026-03-19T16:36:34.789Z] GET https://fonts.gstatic.com/s/playfairdisplay/v40/nuFkD-vYSZviVYUb_rj3ij__anPXDTnogkk7yRZrPA.woff2 → 200 (171ms, 38888B)
[2026-03-19T16:36:34.789Z] GET http://localhost:3000/_next/image?url=%2Fimages%2Fcharcuterie-board-closeup.jpg&w=640&q=75 → 200 (62ms, 48906B)
[2026-03-19T16:36:34.789Z] GET http://localhost:3000/_next/image?url=%2Fimages%2FJC6A0489.JPEG&w=640&q=75 → 200 (119ms, 28502B)
[2026-03-19T16:36:34.791Z] GET http://localhost:3000/_next/image?url=%2Fimages%2Fvalentineboard.png&w=640&q=75 → 200 (95ms, 83904B)
[2026-03-19T16:36:34.791Z] GET http://localhost:3000/_next/image?url=%2Fimages%2FJC6A0643.JPEG&w=1200&q=75 → 200 (59ms, 36364B)
[2026-03-19T16:36:34.850Z] GET http://localhost:3000/_next/static/chunks/%5Bturbopack%5D_browser_dev_hmr-client_hmr-client_ts_c8c997ce._.js → 200 (13ms, 15433B)
[2026-03-19T16:36:34.850Z] GET http://localhost:3000/_next/static/chunks/%5Bturbopack%5D_browser_dev_hmr-client_hmr-client_ts_e0464970._.js → 200 (13ms, 288B)
[2026-03-19T16:36:35.335Z] GET http://localhost:3000/videos/HoneyOnBoard.mov → 206 (3ms, ?B)
[2026-03-19T16:36:41.788Z] GET http://localhost:3000/_next/image?url=%2Fimages%2Fpink-strawberry-slush.png&w=256&q=75 → 200 (30ms, 6098B)
[2026-03-19T16:36:41.788Z] GET http://localhost:3000/_next/image?url=%2Fimages%2Fblue-mango-cup.png&w=256&q=75 → 200 (30ms, 5968B)
[2026-03-19T16:36:41.788Z] GET http://localhost:3000/_next/image?url=%2Fimages%2Fpistachio-caramel-cup.png&w=256&q=75 → 200 (31ms, 7246B)
[2026-03-19T16:37:04.397Z] GET http://localhost:3000/boards → 200 (48ms, 121268B)
[2026-03-19T16:37:04.450Z] GET http://localhost:3000/_next/static/chunks/Documents_snacksandsipsweb_src_app_globals_3dde203c.css → 200 (4ms, 44533B)
[2026-03-19T16:37:04.450Z] GET http://localhost:3000/_next/static/chunks/%5Bturbopack%5D_browser_dev_hmr-client_hmr-client_ts_6439aca5._.js → 200 (4ms, 671B)
[2026-03-19T16:37:04.450Z] GET http://localhost:3000/_next/static/chunks/3b8a9_next_dist_compiled_react-dom_09771519._.js → 200 (41ms, 1048468B)
[2026-03-19T16:37:04.450Z] GET http://localhost:3000/_next/static/chunks/3b8a9_next_dist_compiled_react-server-dom-turbopack_d02bf5d5._.js → 200 (8ms, 171348B)
[2026-03-19T16:37:04.450Z] GET http://localhost:3000/_next/static/chunks/3b8a9_next_dist_compiled_next-devtools_index_cb57f504.js → 200 (41ms, 816073B)
[2026-03-19T16:37:04.450Z] GET http://localhost:3000/_next/static/chunks/3b8a9_next_dist_compiled_bd962a6d._.js → 200 (23ms, 145631B)
[2026-03-19T16:37:04.450Z] GET http://localhost:3000/_next/static/chunks/3b8a9_next_dist_client_a31fcd97._.js → 200 (32ms, 634911B)
[2026-03-19T16:37:04.450Z] GET http://localhost:3000/_next/static/chunks/3b8a9_next_dist_52ea5e9f._.js → 200 (24ms, 213608B)
[2026-03-19T16:37:04.450Z] GET http://localhost:3000/_next/static/chunks/3b8a9_%40swc_helpers_cjs_c61ebb71._.js → 200 (23ms, 2026B)
[2026-03-19T16:37:04.450Z] GET http://localhost:3000/_next/static/chunks/Documents_snacksandsipsweb_a0ff3932._.js → 200 (23ms, 734B)
[2026-03-19T16:37:04.450Z] GET http://localhost:3000/_next/static/chunks/turbopack-Documents_snacksandsipsweb_df805113._.js → 200 (26ms, 75001B)
[2026-03-19T16:37:04.450Z] GET http://localhost:3000/_next/static/chunks/3b8a9_next_dist_71eaacc2._.js → 200 (27ms, 129895B)
[2026-03-19T16:37:04.450Z] GET http://localhost:3000/_next/static/chunks/3b8a9_next_dist_client_components_builtin_global-error_16a6d191.js → 200 (27ms, 255B)
[2026-03-19T16:37:04.450Z] GET http://localhost:3000/_next/static/chunks/Documents_snacksandsipsweb_2a95ea06._.js → 200 (33ms, 68260B)
[2026-03-19T16:37:04.451Z] GET http://localhost:3000/_next/static/chunks/Documents_snacksandsipsweb_src_app_layout_tsx_16a6d191._.js → 200 (30ms, 341B)
[2026-03-19T16:37:04.451Z] GET http://localhost:3000/_next/static/chunks/3b8a9_next_dist_cdfa362e._.js → 200 (40ms, 136864B)
[2026-03-19T16:37:04.451Z] GET http://localhost:3000/_next/static/chunks/Documents_snacksandsipsweb_src_app_boards_page_tsx_7afd8e66._.js → 200 (31ms, 255B)
[2026-03-19T16:37:04.451Z] GET https://fonts.googleapis.com/css2?family=Playfair+Display:ital,wght@0,400;0,500;0,600;0,700;1,400;1,500&family=Inter:wght@300;400;500;600&display=swap → 200 (?ms, 20018B)
[2026-03-19T16:37:04.470Z] GET https://fonts.gstatic.com/s/inter/v20/UcC73FwrK3iLTeHuS_nVMrMxCp50SjIa1ZL7W0Q5nw.woff2 → 200 (?ms, ?B)
[2026-03-19T16:37:04.470Z] GET https://fonts.gstatic.com/s/playfairdisplay/v40/nuFkD-vYSZviVYUb_rj3ij__anPXDTnogkk7yRZrPA.woff2 → 200 (?ms, ?B)
[2026-03-19T16:37:04.471Z] GET https://fonts.gstatic.com/s/playfairdisplay/v40/nuFiD-vYSZviVYUb_rj3ij__anPXDTzYgEM86xQ.woff2 → 200 (?ms, ?B)
[2026-03-19T16:37:04.471Z] GET http://localhost:3000/_next/image?url=%2Fimages%2Fcharcuterie-board-closeup.jpg&w=640&q=75 → 304 (12ms, ?B)
[2026-03-19T16:37:04.473Z] GET http://localhost:3000/_next/image?url=%2Fimages%2FJC6A0428.JPEG&w=640&q=75 → 200 (118ms, 35784B)
[2026-03-19T16:37:04.473Z] GET http://localhost:3000/_next/image?url=%2Fimages%2FJC6A0186.JPEG&w=640&q=75 → 200 (104ms, 17532B)
[2026-03-19T16:37:04.498Z] GET http://localhost:3000/_next/static/chunks/%5Bturbopack%5D_browser_dev_hmr-client_hmr-client_ts_c8c997ce._.js → 200 (15ms, 15433B)
[2026-03-19T16:37:04.498Z] GET http://localhost:3000/_next/static/chunks/%5Bturbopack%5D_browser_dev_hmr-client_hmr-client_ts_e0464970._.js → 200 (15ms, 288B)
[2026-03-19T16:37:12.663Z] GET http://localhost:3000/_next/image?url=%2Fimages%2Fthree-boards-lineup.jpg&w=640&q=75 → 200 (63ms, 90288B)
[2026-03-19T16:37:17.957Z] GET http://localhost:3000/about → 200 (31ms, 71207B)
[2026-03-19T16:37:17.991Z] GET http://localhost:3000/_next/static/chunks/Documents_snacksandsipsweb_src_app_globals_3dde203c.css → 200 (5ms, 44533B)
[2026-03-19T16:37:17.991Z] GET http://localhost:3000/_next/static/chunks/%5Bturbopack%5D_browser_dev_hmr-client_hmr-client_ts_6439aca5._.js → 200 (4ms, 671B)
[2026-03-19T16:37:17.991Z] GET http://localhost:3000/_next/static/chunks/3b8a9_next_dist_compiled_react-dom_09771519._.js → 200 (45ms, ?B)
[2026-03-19T16:37:17.991Z] GET http://localhost:3000/_next/static/chunks/3b8a9_next_dist_compiled_react-server-dom-turbopack_d02bf5d5._.js → 200 (15ms, 171348B)
[2026-03-19T16:37:17.991Z] GET http://localhost:3000/_next/static/chunks/3b8a9_next_dist_compiled_next-devtools_index_cb57f504.js → 200 (45ms, ?B)
[2026-03-19T16:37:17.991Z] GET http://localhost:3000/_next/static/chunks/3b8a9_next_dist_compiled_bd962a6d._.js → 200 (16ms, 145631B)
[2026-03-19T16:37:17.991Z] GET http://localhost:3000/_next/static/chunks/3b8a9_next_dist_client_a31fcd97._.js → 200 (33ms, 634911B)
[2026-03-19T16:37:17.992Z] GET http://localhost:3000/_next/static/chunks/3b8a9_next_dist_52ea5e9f._.js → 200 (22ms, 213608B)
[2026-03-19T16:37:17.992Z] GET http://localhost:3000/_next/static/chunks/3b8a9_%40swc_helpers_cjs_c61ebb71._.js → 200 (17ms, 2026B)
[2026-03-19T16:37:17.992Z] GET http://localhost:3000/_next/static/chunks/Documents_snacksandsipsweb_a0ff3932._.js → 200 (19ms, 734B)
[2026-03-19T16:37:17.992Z] GET http://localhost:3000/_next/static/chunks/turbopack-Documents_snacksandsipsweb_df805113._.js → 200 (26ms, 75001B)
[2026-03-19T16:37:17.992Z] GET http://localhost:3000/_next/static/chunks/3b8a9_next_dist_71eaacc2._.js → 200 (27ms, 129895B)
[2026-03-19T16:37:17.992Z] GET http://localhost:3000/_next/static/chunks/3b8a9_next_dist_client_components_builtin_global-error_16a6d191.js → 200 (26ms, 255B)
[2026-03-19T16:37:17.992Z] GET http://localhost:3000/_next/static/chunks/Documents_snacksandsipsweb_2a95ea06._.js → 200 (29ms, 68260B)
[2026-03-19T16:37:17.992Z] GET http://localhost:3000/_next/static/chunks/Documents_snacksandsipsweb_src_app_layout_tsx_16a6d191._.js → 200 (26ms, 341B)
[2026-03-19T16:37:17.992Z] GET http://localhost:3000/_next/static/chunks/3b8a9_next_dist_cdfa362e._.js → 200 (32ms, 136864B)
[2026-03-19T16:37:17.992Z] GET http://localhost:3000/_next/static/chunks/Documents_snacksandsipsweb_src_app_about_page_tsx_7afd8e66._.js → 200 (29ms, 255B)
[2026-03-19T16:37:17.992Z] GET https://fonts.googleapis.com/css2?family=Playfair+Display:ital,wght@0,400;0,500;0,600;0,700;1,400;1,500&family=Inter:wght@300;400;500;600&display=swap → 200 (?ms, 20018B)
[2026-03-19T16:37:17.992Z] GET http://localhost:3000/videos/Cart.mov → 206 (30ms, ?B)
[2026-03-19T16:37:17.992Z] GET http://localhost:3000/videos/PinkDrink.mov → 206 (31ms, ?B)
[2026-03-19T16:37:17.993Z] GET http://localhost:3000/videos/MiddleEasternBoards.mov → 206 (41ms, ?B)
[2026-03-19T16:37:18.000Z] GET https://fonts.gstatic.com/s/inter/v20/UcC73FwrK3iLTeHuS_nVMrMxCp50SjIa1ZL7W0Q5nw.woff2 → 200 (?ms, ?B)
[2026-03-19T16:37:18.000Z] GET https://fonts.gstatic.com/s/playfairdisplay/v40/nuFkD-vYSZviVYUb_rj3ij__anPXDTnogkk7yRZrPA.woff2 → 200 (?ms, ?B)
[2026-03-19T16:37:18.000Z] GET https://fonts.gstatic.com/s/playfairdisplay/v40/nuFiD-vYSZviVYUb_rj3ij__anPXDTzYgEM86xQ.woff2 → 200 (?ms, ?B)
[2026-03-19T16:37:18.000Z] GET http://localhost:3000/_next/image?url=%2Fimages%2FJC6A0348.jpeg&w=640&q=75 → pending (?ms, ?B)
[2026-03-19T16:37:18.024Z] GET http://localhost:3000/videos/Cart.mov → 206 (10ms, ?B)
[2026-03-19T16:37:18.024Z] GET http://localhost:3000/videos/PinkDrink.mov → 206 (10ms, ?B)
[2026-03-19T16:37:18.036Z] GET http://localhost:3000/videos/PinkDrink.mov → pending (?ms, ?B)
[2026-03-19T16:37:18.041Z] GET http://localhost:3000/_next/static/chunks/%5Bturbopack%5D_browser_dev_hmr-client_hmr-client_ts_c8c997ce._.js → 200 (22ms, 15433B)
[2026-03-19T16:37:18.041Z] GET http://localhost:3000/_next/static/chunks/%5Bturbopack%5D_browser_dev_hmr-client_hmr-client_ts_e0464970._.js → 200 (22ms, 288B)
[2026-03-19T16:37:18.042Z] GET http://localhost:3000/videos/Cart.mov → 206 (12ms, 89910B)
[2026-03-19T16:37:24.767Z] GET http://localhost:3000/gallery → 200 (23ms, 56238B)
[2026-03-19T16:37:24.793Z] GET http://localhost:3000/_next/static/chunks/Documents_snacksandsipsweb_src_app_globals_3dde203c.css → 200 (6ms, 44533B)
[2026-03-19T16:37:24.793Z] GET http://localhost:3000/_next/static/chunks/%5Bturbopack%5D_browser_dev_hmr-client_hmr-client_ts_6439aca5._.js → 200 (5ms, 671B)
[2026-03-19T16:37:24.793Z] GET http://localhost:3000/_next/static/chunks/3b8a9_next_dist_compiled_react-dom_09771519._.js → 200 (46ms, 1048468B)
[2026-03-19T16:37:24.794Z] GET http://localhost:3000/_next/static/chunks/3b8a9_next_dist_compiled_react-server-dom-turbopack_d02bf5d5._.js → 200 (15ms, 171348B)
[2026-03-19T16:37:24.794Z] GET http://localhost:3000/_next/static/chunks/3b8a9_next_dist_compiled_next-devtools_index_cb57f504.js → 200 (45ms, 816073B)
[2026-03-19T16:37:24.794Z] GET http://localhost:3000/_next/static/chunks/3b8a9_next_dist_compiled_bd962a6d._.js → 200 (15ms, 145631B)
[2026-03-19T16:37:24.794Z] GET http://localhost:3000/_next/static/chunks/3b8a9_next_dist_client_a31fcd97._.js → 200 (32ms, 634911B)
[2026-03-19T16:37:24.794Z] GET http://localhost:3000/_next/static/chunks/3b8a9_next_dist_52ea5e9f._.js → 200 (22ms, 213608B)
[2026-03-19T16:37:24.794Z] GET http://localhost:3000/_next/static/chunks/3b8a9_%40swc_helpers_cjs_c61ebb71._.js → 200 (18ms, 2026B)
[2026-03-19T16:37:24.794Z] GET http://localhost:3000/_next/static/chunks/Documents_snacksandsipsweb_a0ff3932._.js → 200 (16ms, 734B)
[2026-03-19T16:37:24.794Z] GET http://localhost:3000/_next/static/chunks/turbopack-Documents_snacksandsipsweb_df805113._.js → 200 (21ms, 75001B)
[2026-03-19T16:37:24.794Z] GET http://localhost:3000/_next/static/chunks/3b8a9_next_dist_71eaacc2._.js → 200 (22ms, 129895B)
[2026-03-19T16:37:24.794Z] GET http://localhost:3000/_next/static/chunks/3b8a9_next_dist_client_components_builtin_global-error_16a6d191.js → 200 (27ms, 255B)
[2026-03-19T16:37:24.794Z] GET http://localhost:3000/_next/static/chunks/Documents_snacksandsipsweb_2a95ea06._.js → 200 (27ms, 68260B)
[2026-03-19T16:37:24.794Z] GET http://localhost:3000/_next/static/chunks/Documents_snacksandsipsweb_src_app_layout_tsx_16a6d191._.js → 200 (27ms, 341B)
[2026-03-19T16:37:24.795Z] GET http://localhost:3000/_next/static/chunks/3b8a9_next_051026d0._.js → 200 (30ms, 141416B)
[2026-03-19T16:37:24.795Z] GET http://localhost:3000/_next/static/chunks/Documents_snacksandsipsweb_src_96783eb8._.js → 200 (30ms, 25744B)
[2026-03-19T16:37:24.795Z] GET http://localhost:3000/_next/static/chunks/Documents_snacksandsipsweb_src_app_gallery_page_tsx_7afd8e66._.js → 200 (29ms, 314B)
[2026-03-19T16:37:24.795Z] GET https://fonts.googleapis.com/css2?family=Playfair+Display:ital,wght@0,400;0,500;0,600;0,700;1,400;1,500&family=Inter:wght@300;400;500;600&display=swap → 200 (?ms, 20018B)
[2026-03-19T16:37:24.795Z] GET http://localhost:3000/videos/HoneyOnBoard.mov → pending (?ms, ?B)
[2026-03-19T16:37:24.795Z] GET http://localhost:3000/videos/YellowDrink.MOV → 206 (30ms, 4334255B)
[2026-03-19T16:37:24.795Z] GET http://localhost:3000/videos/browndrink.MOV → 206 (31ms, ?B)
[2026-03-19T16:37:24.796Z] GET http://localhost:3000/videos/HoneyOnBoard.mov → 206 (31ms, 39453B)
[2026-03-19T16:37:24.805Z] GET https://fonts.gstatic.com/s/inter/v20/UcC73FwrK3iLTeHuS_nVMrMxCp50SjIa1ZL7W0Q5nw.woff2 → 200 (?ms, ?B)
[2026-03-19T16:37:24.805Z] GET https://fonts.gstatic.com/s/playfairdisplay/v40/nuFkD-vYSZviVYUb_rj3ij__anPXDTnogkk7yRZrPA.woff2 → 200 (?ms, ?B)
[2026-03-19T16:37:24.806Z] GET https://fonts.gstatic.com/s/playfairdisplay/v40/nuFiD-vYSZviVYUb_rj3ij__anPXDTzYgEM86xQ.woff2 → 200 (?ms, ?B)
[2026-03-19T16:37:24.806Z] GET http://localhost:3000/_next/image?url=%2Fimages%2FJC6A0348.jpeg&w=640&q=75 → 304 (31ms, ?B)
[2026-03-19T16:37:24.806Z] GET http://localhost:3000/_next/image?url=%2Fimages%2FJC6A0748.JPEG&w=640&q=75 → 200 (162ms, 25168B)
[2026-03-19T16:37:24.806Z] GET http://localhost:3000/_next/image?url=%2Fimages%2Flogoandboard.png&w=640&q=75 → 200 (129ms, 56932B)
[2026-03-19T16:37:24.806Z] GET http://localhost:3000/_next/image?url=%2Fimages%2FJC6A0489.JPEG&w=640&q=75 → 200 (32ms, 28502B)
[2026-03-19T16:37:24.807Z] GET http://localhost:3000/_next/image?url=%2Fimages%2FJC6A0186.JPEG&w=640&q=75 → 200 (31ms, 17532B)
[2026-03-19T16:37:24.807Z] GET http://localhost:3000/_next/image?url=%2Fimages%2Fthree-boards-lineup.jpg&w=640&q=75 → 200 (31ms, 90288B)
[2026-03-19T16:37:24.807Z] GET http://localhost:3000/_next/image?url=%2Fimages%2FJC6A0262.JPEG&w=640&q=75 → 200 (158ms, 27488B)
[2026-03-19T16:37:24.807Z] GET http://localhost:3000/_next/image?url=%2Fimages%2FJC6A0643.JPEG&w=640&q=75 → pending (?ms, ?B)
[2026-03-19T16:37:24.807Z] GET http://localhost:3000/_next/image?url=%2Fimages%2Fcharcuterie-board-closeup.jpg&w=640&q=75 → 200 (131ms, 48906B)
[2026-03-19T16:37:24.807Z] GET http://localhost:3000/_next/image?url=%2Fimages%2FJC6A0504.JPEG&w=640&q=75 → 200 (139ms, 35062B)
[2026-03-19T16:37:24.807Z] GET http://localhost:3000/_next/image?url=%2Fimages%2FJC6A0600.JPEG&w=640&q=75 → pending (?ms, ?B)
[2026-03-19T16:37:24.808Z] GET http://localhost:3000/_next/image?url=%2Fimages%2FJC6A0328.JPEG&w=640&q=75 → pending (?ms, ?B)
[2026-03-19T16:37:24.808Z] GET http://localhost:3000/_next/image?url=%2Fimages%2FJC6A0428.JPEG&w=640&q=75 → 200 (144ms, 35784B)
[2026-03-19T16:37:24.808Z] GET http://localhost:3000/_next/image?url=%2Fimages%2Fvalentineboard.png&w=640&q=75 → 200 (156ms, 83904B)
[2026-03-19T16:37:24.808Z] GET http://localhost:3000/_next/image?url=%2Fimages%2F3boards.png&w=640&q=75 → pending (?ms, ?B)
[2026-03-19T16:37:24.808Z] GET http://localhost:3000/_next/image?url=%2Fimages%2Fboard-with-sign.jpg&w=640&q=75 → 200 (215ms, 41994B)
[2026-03-19T16:37:24.826Z] GET http://localhost:3000/videos/browndrink.MOV → 206 (143ms, ?B)
[2026-03-19T16:37:24.838Z] GET http://localhost:3000/videos/HoneyOnBoard.mov → 206 (133ms, 9738781B)
[2026-03-19T16:37:24.845Z] GET http://localhost:3000/_next/static/chunks/%5Bturbopack%5D_browser_dev_hmr-client_hmr-client_ts_c8c997ce._.js → 200 (134ms, 15433B)
[2026-03-19T16:37:24.845Z] GET http://localhost:3000/_next/static/chunks/%5Bturbopack%5D_browser_dev_hmr-client_hmr-client_ts_e0464970._.js → 200 (176ms, 288B)
[2026-03-19T16:37:24.969Z] GET http://localhost:3000/videos/browndrink.MOV → 206 (54ms, 29146B)
[2026-03-19T16:38:05.118Z] GET http://localhost:3000/_next/static/chunks/Documents_snacksandsipsweb_src_app_globals_3dde203c.css → 200 (3ms, 44574B)
[2026-03-19T16:38:06.252Z] GET http://localhost:3000/_next/static/chunks/Documents_snacksandsipsweb_src_app_globals_3dde203c.css → 200 (2ms, 44628B)
[2026-03-19T16:38:13.226Z] GET http://localhost:3000/ → 200 (86ms, 53146B)
[2026-03-19T16:38:13.315Z] GET http://localhost:3000/_next/static/chunks/Documents_snacksandsipsweb_src_app_globals_3dde203c.css → 200 (4ms, 44628B)
[2026-03-19T16:38:13.315Z] GET http://localhost:3000/_next/static/chunks/%5Bturbopack%5D_browser_dev_hmr-client_hmr-client_ts_6439aca5._.js → 200 (3ms, 671B)
[2026-03-19T16:38:13.315Z] GET http://localhost:3000/_next/static/chunks/3b8a9_next_dist_compiled_react-dom_09771519._.js → 200 (39ms, 1048468B)
[2026-03-19T16:38:13.315Z] GET http://localhost:3000/_next/static/chunks/3b8a9_next_dist_compiled_react-server-dom-turbopack_d02bf5d5._.js → 200 (12ms, 171348B)
[2026-03-19T16:38:13.316Z] GET http://localhost:3000/_next/static/chunks/3b8a9_next_dist_compiled_next-devtools_index_cb57f504.js → 200 (37ms, 816073B)
[2026-03-19T16:38:13.316Z] GET http://localhost:3000/_next/static/chunks/3b8a9_next_dist_compiled_bd962a6d._.js → 200 (11ms, 145631B)
[2026-03-19T16:38:13.316Z] GET http://localhost:3000/_next/static/chunks/3b8a9_next_dist_client_a31fcd97._.js → 200 (25ms, 634911B)
[2026-03-19T16:38:13.316Z] GET http://localhost:3000/_next/static/chunks/3b8a9_next_dist_52ea5e9f._.js → 200 (21ms, 213608B)
[2026-03-19T16:38:13.316Z] GET http://localhost:3000/_next/static/chunks/3b8a9_%40swc_helpers_cjs_c61ebb71._.js → 200 (14ms, 2026B)
[2026-03-19T16:38:13.316Z] GET http://localhost:3000/_next/static/chunks/Documents_snacksandsipsweb_a0ff3932._.js → 200 (14ms, 734B)
[2026-03-19T16:38:13.316Z] GET http://localhost:3000/_next/static/chunks/turbopack-Documents_snacksandsipsweb_df805113._.js → 200 (17ms, 75001B)
[2026-03-19T16:38:13.316Z] GET http://localhost:3000/_next/static/chunks/3b8a9_next_dist_71eaacc2._.js → 200 (19ms, 129895B)
[2026-03-19T16:38:13.316Z] GET http://localhost:3000/_next/static/chunks/3b8a9_next_dist_client_components_builtin_global-error_16a6d191.js → 200 (21ms, 255B)
[2026-03-19T16:38:13.316Z] GET http://localhost:3000/_next/static/chunks/Documents_snacksandsipsweb_2a95ea06._.js → 200 (25ms, 68260B)
[2026-03-19T16:38:13.316Z] GET http://localhost:3000/_next/static/chunks/Documents_snacksandsipsweb_src_app_layout_tsx_16a6d191._.js → 200 (21ms, 341B)
[2026-03-19T16:38:13.316Z] GET http://localhost:3000/_next/static/chunks/3b8a9_next_051026d0._.js → 200 (37ms, 141416B)
[2026-03-19T16:38:13.316Z] GET http://localhost:3000/_next/static/chunks/Documents_snacksandsipsweb_src_app_page_tsx_2471385e._.js → 200 (25ms, 49065B)
[2026-03-19T16:38:13.316Z] GET http://localhost:3000/_next/static/chunks/Documents_snacksandsipsweb_src_app_page_tsx_7afd8e66._.js → 200 (25ms, 327B)
[2026-03-19T16:38:13.316Z] GET https://fonts.googleapis.com/css2?family=Playfair+Display:ital,wght@0,400;0,500;0,600;0,700;1,400;1,500&family=Inter:wght@300;400;500;600&display=swap → 200 (?ms, 20018B)
[2026-03-19T16:38:13.316Z] GET http://localhost:3000/videos/videodrink.mov → pending (?ms, ?B)
[2026-03-19T16:38:13.316Z] GET http://localhost:3000/videos/videodrink.mov → 206 (37ms, 29098B)
[2026-03-19T16:38:13.324Z] GET https://fonts.gstatic.com/s/inter/v20/UcC73FwrK3iLTeHuS_nVMrMxCp50SjIa1ZL7W0Q5nw.woff2 → 200 (?ms, ?B)
[2026-03-19T16:38:13.324Z] GET https://fonts.gstatic.com/s/playfairdisplay/v40/nuFkD-vYSZviVYUb_rj3ij__anPXDTnogkk7yRZrPA.woff2 → 200 (?ms, ?B)
[2026-03-19T16:38:13.325Z] GET https://fonts.gstatic.com/s/playfairdisplay/v40/nuFiD-vYSZviVYUb_rj3ij__anPXDTzYgEM86xQ.woff2 → 200 (?ms, ?B)
[2026-03-19T16:38:13.325Z] GET http://localhost:3000/_next/image?url=%2Fimages%2Fcharcuterie-board-closeup.jpg&w=640&q=75 → 304 (28ms, ?B)
[2026-03-19T16:38:13.325Z] GET http://localhost:3000/_next/image?url=%2Fimages%2FJC6A0489.JPEG&w=640&q=75 → 304 (28ms, ?B)
[2026-03-19T16:38:13.325Z] GET http://localhost:3000/_next/image?url=%2Fimages%2Fvalentineboard.png&w=640&q=75 → 304 (28ms, ?B)
[2026-03-19T16:38:13.325Z] GET http://localhost:3000/_next/image?url=%2Fimages%2FJC6A0643.JPEG&w=1200&q=75 → 200 (28ms, 36364B)
[2026-03-19T16:38:13.325Z] GET http://localhost:3000/_next/image?url=%2Fimages%2Fpink-strawberry-slush.png&w=256&q=75 → 200 (28ms, 6098B)
[2026-03-19T16:38:13.325Z] GET http://localhost:3000/_next/image?url=%2Fimages%2Fblue-mango-cup.png&w=256&q=75 → 200 (28ms, 5968B)
[2026-03-19T16:38:13.325Z] GET http://localhost:3000/_next/image?url=%2Fimages%2Fpistachio-caramel-cup.png&w=256&q=75 → 200 (28ms, 7246B)
[2026-03-19T16:38:13.358Z] GET http://localhost:3000/_next/static/chunks/%5Bturbopack%5D_browser_dev_hmr-client_hmr-client_ts_c8c997ce._.js → 200 (18ms, 15433B)
[2026-03-19T16:38:13.358Z] GET http://localhost:3000/_next/static/chunks/%5Bturbopack%5D_browser_dev_hmr-client_hmr-client_ts_e0464970._.js → 200 (14ms, 288B)
[2026-03-19T16:38:31.379Z] GET http://localhost:3000/videos/videodrink.mov → 206 (4ms, 3633578B)
[2026-03-19T16:39:54.656Z] GET http://localhost:3000/about → 200 (25ms, 71198B)
[2026-03-19T16:39:54.684Z] GET http://localhost:3000/_next/static/chunks/Documents_snacksandsipsweb_src_app_globals_3dde203c.css → 200 (2ms, 44628B)
[2026-03-19T16:39:54.684Z] GET http://localhost:3000/_next/static/chunks/%5Bturbopack%5D_browser_dev_hmr-client_hmr-client_ts_6439aca5._.js → 200 (2ms, 671B)
[2026-03-19T16:39:54.684Z] GET http://localhost:3000/_next/static/chunks/3b8a9_next_dist_compiled_react-dom_09771519._.js → 200 (37ms, 1048468B)
[2026-03-19T16:39:54.684Z] GET http://localhost:3000/_next/static/chunks/3b8a9_next_dist_compiled_react-server-dom-turbopack_d02bf5d5._.js → 200 (7ms, 171348B)
[2026-03-19T16:39:54.684Z] GET http://localhost:3000/_next/static/chunks/3b8a9_next_dist_compiled_next-devtools_index_cb57f504.js → 200 (36ms, 816073B)
[2026-03-19T16:39:54.684Z] GET http://localhost:3000/_next/static/chunks/3b8a9_next_dist_compiled_bd962a6d._.js → 200 (7ms, 145631B)
[2026-03-19T16:39:54.684Z] GET http://localhost:3000/_next/static/chunks/3b8a9_next_dist_client_a31fcd97._.js → 200 (25ms, 634911B)
[2026-03-19T16:39:54.684Z] GET http://localhost:3000/_next/static/chunks/3b8a9_next_dist_52ea5e9f._.js → 200 (17ms, 213608B)
[2026-03-19T16:39:54.684Z] GET http://localhost:3000/_next/static/chunks/3b8a9_%40swc_helpers_cjs_c61ebb71._.js → 200 (10ms, 2026B)
[2026-03-19T16:39:54.684Z] GET http://localhost:3000/_next/static/chunks/Documents_snacksandsipsweb_a0ff3932._.js → 200 (15ms, 734B)
[2026-03-19T16:39:54.684Z] GET http://localhost:3000/_next/static/chunks/turbopack-Documents_snacksandsipsweb_df805113._.js → 200 (20ms, 75001B)
[2026-03-19T16:39:54.684Z] GET http://localhost:3000/_next/static/chunks/3b8a9_next_dist_71eaacc2._.js → 200 (21ms, 129895B)
[2026-03-19T16:39:54.684Z] GET http://localhost:3000/_next/static/chunks/3b8a9_next_dist_client_components_builtin_global-error_16a6d191.js → 200 (21ms, 255B)
[2026-03-19T16:39:54.684Z] GET http://localhost:3000/_next/static/chunks/Documents_snacksandsipsweb_2a95ea06._.js → 200 (23ms, 68260B)
[2026-03-19T16:39:54.684Z] GET http://localhost:3000/_next/static/chunks/Documents_snacksandsipsweb_src_app_layout_tsx_16a6d191._.js → 200 (21ms, 341B)
[2026-03-19T16:39:54.684Z] GET http://localhost:3000/_next/static/chunks/3b8a9_next_dist_cdfa362e._.js → 200 (36ms, 136864B)
[2026-03-19T16:39:54.684Z] GET http://localhost:3000/_next/static/chunks/Documents_snacksandsipsweb_src_app_about_page_tsx_7afd8e66._.js → 200 (24ms, 255B)
[2026-03-19T16:39:54.684Z] GET https://fonts.googleapis.com/css2?family=Playfair+Display:ital,wght@0,400;0,500;0,600;0,700;1,400;1,500&family=Inter:wght@300;400;500;600&display=swap → 200 (1ms, 20018B)
[2026-03-19T16:39:54.685Z] GET http://localhost:3000/videos/Cart.mov → 206 (24ms, ?B)
[2026-03-19T16:39:54.685Z] GET http://localhost:3000/videos/PinkDrink.mov → 206 (35ms, 2968307B)
[2026-03-19T16:39:54.685Z] GET http://localhost:3000/videos/MiddleEasternBoards.mov → 206 (35ms, 2907298B)
[2026-03-19T16:39:54.698Z] GET https://fonts.gstatic.com/s/inter/v20/UcC73FwrK3iLTeHuS_nVMrMxCp50SjIa1ZL7W0Q5nw.woff2 → 200 (?ms, ?B)
[2026-03-19T16:39:54.698Z] GET https://fonts.gstatic.com/s/playfairdisplay/v40/nuFkD-vYSZviVYUb_rj3ij__anPXDTnogkk7yRZrPA.woff2 → 200 (?ms, ?B)
[2026-03-19T16:39:54.698Z] GET https://fonts.gstatic.com/s/playfairdisplay/v40/nuFiD-vYSZviVYUb_rj3ij__anPXDTzYgEM86xQ.woff2 → 200 (?ms, ?B)
[2026-03-19T16:39:54.698Z] GET http://localhost:3000/_next/image?url=%2Fimages%2FJC6A0348.jpeg&w=640&q=75 → 200 (22ms, 21728B)
[2026-03-19T16:39:54.730Z] GET http://localhost:3000/_next/static/chunks/%5Bturbopack%5D_browser_dev_hmr-client_hmr-client_ts_c8c997ce._.js → 200 (30ms, 15433B)
[2026-03-19T16:39:54.730Z] GET http://localhost:3000/_next/static/chunks/%5Bturbopack%5D_browser_dev_hmr-client_hmr-client_ts_e0464970._.js → 200 (30ms, 288B)
[2026-03-19T16:39:54.761Z] GET http://localhost:3000/videos/Cart.mov → 206 (4ms, 89910B)
[2026-03-19T16:39:54.767Z] GET http://localhost:3000/videos/Cart.mov → 206 (1ms, ?B)
[2026-03-19T16:40:07.300Z] GET http://localhost:3000/boards → 200 (23ms, 121268B)
[2026-03-19T16:40:07.327Z] GET http://localhost:3000/_next/static/chunks/Documents_snacksandsipsweb_src_app_globals_3dde203c.css → 200 (2ms, 44628B)
[2026-03-19T16:40:07.327Z] GET http://localhost:3000/_next/static/chunks/%5Bturbopack%5D_browser_dev_hmr-client_hmr-client_ts_6439aca5._.js → 200 (2ms, 671B)
[2026-03-19T16:40:07.327Z] GET http://localhost:3000/_next/static/chunks/3b8a9_next_dist_compiled_react-dom_09771519._.js → 200 (37ms, 1048468B)
[2026-03-19T16:40:07.327Z] GET http://localhost:3000/_next/static/chunks/3b8a9_next_dist_compiled_react-server-dom-turbopack_d02bf5d5._.js → 200 (10ms, 171348B)
[2026-03-19T16:40:07.327Z] GET http://localhost:3000/_next/static/chunks/3b8a9_next_dist_compiled_next-devtools_index_cb57f504.js → 200 (36ms, 816073B)
[2026-03-19T16:40:07.327Z] GET http://localhost:3000/_next/static/chunks/3b8a9_next_dist_compiled_bd962a6d._.js → 200 (10ms, 145631B)
[2026-03-19T16:40:07.327Z] GET http://localhost:3000/_next/static/chunks/3b8a9_next_dist_client_a31fcd97._.js → 200 (28ms, 634911B)
[2026-03-19T16:40:07.328Z] GET http://localhost:3000/_next/static/chunks/3b8a9_next_dist_52ea5e9f._.js → 200 (15ms, 213608B)
[2026-03-19T16:40:07.328Z] GET http://localhost:3000/_next/static/chunks/3b8a9_%40swc_helpers_cjs_c61ebb71._.js → 200 (13ms, 2026B)
[2026-03-19T16:40:07.328Z] GET http://localhost:3000/_next/static/chunks/Documents_snacksandsipsweb_a0ff3932._.js → 200 (13ms, 734B)
[2026-03-19T16:40:07.328Z] GET http://localhost:3000/_next/static/chunks/turbopack-Documents_snacksandsipsweb_df805113._.js → 200 (18ms, 75001B)
[2026-03-19T16:40:07.328Z] GET http://localhost:3000/_next/static/chunks/3b8a9_next_dist_71eaacc2._.js → 200 (21ms, 129895B)
[2026-03-19T16:40:07.328Z] GET http://localhost:3000/_next/static/chunks/3b8a9_next_dist_client_components_builtin_global-error_16a6d191.js → 200 (19ms, 255B)
[2026-03-19T16:40:07.328Z] GET http://localhost:3000/_next/static/chunks/Documents_snacksandsipsweb_2a95ea06._.js → 200 (24ms, 68260B)
[2026-03-19T16:40:07.328Z] GET http://localhost:3000/_next/static/chunks/Documents_snacksandsipsweb_src_app_layout_tsx_16a6d191._.js → 200 (22ms, 341B)
[2026-03-19T16:40:07.328Z] GET http://localhost:3000/_next/static/chunks/3b8a9_next_dist_cdfa362e._.js → 200 (26ms, 136864B)
[2026-03-19T16:40:07.328Z] GET http://localhost:3000/_next/static/chunks/Documents_snacksandsipsweb_src_app_boards_page_tsx_7afd8e66._.js → 200 (24ms, 255B)
[2026-03-19T16:40:07.328Z] GET https://fonts.googleapis.com/css2?family=Playfair+Display:ital,wght@0,400;0,500;0,600;0,700;1,400;1,500&family=Inter:wght@300;400;500;600&display=swap → 200 (?ms, 20018B)
[2026-03-19T16:40:07.335Z] GET https://fonts.gstatic.com/s/inter/v20/UcC73FwrK3iLTeHuS_nVMrMxCp50SjIa1ZL7W0Q5nw.woff2 → 200 (?ms, ?B)
[2026-03-19T16:40:07.335Z] GET https://fonts.gstatic.com/s/playfairdisplay/v40/nuFkD-vYSZviVYUb_rj3ij__anPXDTnogkk7yRZrPA.woff2 → 200 (?ms, ?B)
[2026-03-19T16:40:07.336Z] GET https://fonts.gstatic.com/s/playfairdisplay/v40/nuFiD-vYSZviVYUb_rj3ij__anPXDTzYgEM86xQ.woff2 → 200 (?ms, ?B)
[2026-03-19T16:40:07.336Z] GET http://localhost:3000/_next/image?url=%2Fimages%2Fcharcuterie-board-closeup.jpg&w=640&q=75 → 304 (17ms, ?B)
[2026-03-19T16:40:07.336Z] GET http://localhost:3000/_next/image?url=%2Fimages%2FJC6A0428.JPEG&w=640&q=75 → 200 (19ms, 35784B)
[2026-03-19T16:40:07.336Z] GET http://localhost:3000/_next/image?url=%2Fimages%2FJC6A0186.JPEG&w=640&q=75 → 200 (20ms, 17532B)
[2026-03-19T16:40:07.369Z] GET http://localhost:3000/_next/static/chunks/%5Bturbopack%5D_browser_dev_hmr-client_hmr-client_ts_c8c997ce._.js → 200 (14ms, 15433B)
[2026-03-19T16:40:07.370Z] GET http://localhost:3000/_next/static/chunks/%5Bturbopack%5D_browser_dev_hmr-client_hmr-client_ts_e0464970._.js → 200 (12ms, 288B)
[2026-03-19T16:40:09.645Z] GET http://localhost:3000/_next/image?url=%2Fimages%2Fthree-boards-lineup.jpg&w=640&q=75 → 200 (4ms, 90288B)
[2026-03-19T16:47:06.501Z] GET http://localhost:3000/_next/static/chunks/Documents_snacksandsipsweb_src_app_globals_3dde203c.css → 200 (1ms, 47148B)
[2026-03-19T16:47:22.908Z] GET http://localhost:3000/ → 200 (79ms, 57026B)
[2026-03-19T16:47:22.990Z] GET http://localhost:3000/_next/static/chunks/Documents_snacksandsipsweb_src_app_globals_3dde203c.css → 200 (3ms, 47148B)
[2026-03-19T16:47:22.990Z] GET http://localhost:3000/_next/static/chunks/%5Bturbopack%5D_browser_dev_hmr-client_hmr-client_ts_6439aca5._.js → 200 (3ms, 671B)
[2026-03-19T16:47:22.990Z] GET http://localhost:3000/_next/static/chunks/3b8a9_next_dist_compiled_react-dom_09771519._.js → 200 (43ms, 1048468B)
[2026-03-19T16:47:22.991Z] GET http://localhost:3000/_next/static/chunks/3b8a9_next_dist_compiled_react-server-dom-turbopack_d02bf5d5._.js → 200 (11ms, 171348B)
[2026-03-19T16:47:22.991Z] GET http://localhost:3000/_next/static/chunks/3b8a9_next_dist_compiled_next-devtools_index_cb57f504.js → 200 (42ms, 816073B)
[2026-03-19T16:47:22.991Z] GET http://localhost:3000/_next/static/chunks/3b8a9_next_dist_compiled_bd962a6d._.js → 200 (12ms, 145631B)
[2026-03-19T16:47:22.991Z] GET http://localhost:3000/_next/static/chunks/3b8a9_next_dist_client_a31fcd97._.js → 200 (30ms, 634911B)
[2026-03-19T16:47:22.991Z] GET http://localhost:3000/_next/static/chunks/3b8a9_next_dist_52ea5e9f._.js → 200 (20ms, 213608B)
[2026-03-19T16:47:22.991Z] GET http://localhost:3000/_next/static/chunks/3b8a9_%40swc_helpers_cjs_c61ebb71._.js → 200 (12ms, 2026B)
[2026-03-19T16:47:22.991Z] GET http://localhost:3000/_next/static/chunks/Documents_snacksandsipsweb_a0ff3932._.js → 200 (12ms, 734B)
[2026-03-19T16:47:22.991Z] GET http://localhost:3000/_next/static/chunks/turbopack-Documents_snacksandsipsweb_df805113._.js → 200 (20ms, 75001B)
[2026-03-19T16:47:22.991Z] GET http://localhost:3000/_next/static/chunks/3b8a9_next_dist_71eaacc2._.js → 200 (20ms, 129895B)
[2026-03-19T16:47:22.991Z] GET http://localhost:3000/_next/static/chunks/3b8a9_next_dist_client_components_builtin_global-error_16a6d191.js → 200 (20ms, 255B)
[2026-03-19T16:47:22.991Z] GET http://localhost:3000/_next/static/chunks/Documents_snacksandsipsweb_2a95ea06._.js → 200 (25ms, 68260B)
[2026-03-19T16:47:22.991Z] GET http://localhost:3000/_next/static/chunks/Documents_snacksandsipsweb_src_app_layout_tsx_16a6d191._.js → 200 (25ms, 341B)
[2026-03-19T16:47:22.991Z] GET http://localhost:3000/_next/static/chunks/3b8a9_next_051026d0._.js → 200 (25ms, 141416B)
[2026-03-19T16:47:22.991Z] GET http://localhost:3000/_next/static/chunks/Documents_snacksandsipsweb_src_app_page_tsx_2471385e._.js → 200 (25ms, 58650B)
[2026-03-19T16:47:22.991Z] GET http://localhost:3000/_next/static/chunks/Documents_snacksandsipsweb_src_app_page_tsx_7afd8e66._.js → 200 (25ms, 327B)
[2026-03-19T16:47:22.991Z] GET https://fonts.googleapis.com/css2?family=Playfair+Display:ital,wght@0,400;0,500;0,600;0,700;1,400;1,500&family=Inter:wght@300;400;500;600&display=swap → 200 (?ms, 20018B)
[2026-03-19T16:47:22.992Z] GET http://localhost:3000/videos/HoneyOnBoard.mov → 206 (25ms, ?B)
[2026-03-19T16:47:22.992Z] GET http://localhost:3000/videos/videodrink.mov → 206 (26ms, ?B)
[2026-03-19T16:47:23.001Z] GET https://fonts.gstatic.com/s/inter/v20/UcC73FwrK3iLTeHuS_nVMrMxCp50SjIa1ZL7W0Q5nw.woff2 → 200 (?ms, ?B)
[2026-03-19T16:47:23.001Z] GET https://fonts.gstatic.com/s/playfairdisplay/v40/nuFkD-vYSZviVYUb_rj3ij__anPXDTnogkk7yRZrPA.woff2 → 200 (?ms, ?B)
[2026-03-19T16:47:23.002Z] GET https://fonts.gstatic.com/s/playfairdisplay/v40/nuFiD-vYSZviVYUb_rj3ij__anPXDTzYgEM86xQ.woff2 → 200 (?ms, ?B)
[2026-03-19T16:47:23.002Z] GET http://localhost:3000/_next/image?url=%2Fimages%2Fcharcuterie-board-closeup.jpg&w=640&q=75 → 304 (16ms, ?B)
[2026-03-19T16:47:23.002Z] GET http://localhost:3000/_next/image?url=%2Fimages%2FJC6A0489.JPEG&w=640&q=75 → 200 (19ms, 28502B)
[2026-03-19T16:47:23.002Z] GET http://localhost:3000/_next/image?url=%2Fimages%2Fvalentineboard.png&w=640&q=75 → 200 (29ms, 83904B)
[2026-03-19T16:47:23.002Z] GET http://localhost:3000/_next/image?url=%2Fimages%2FJC6A0643.JPEG&w=1200&q=75 → 200 (29ms, 36364B)
[2026-03-19T16:47:23.002Z] GET http://localhost:3000/_next/image?url=%2Fimages%2FBirthday%20Cake.PNG&w=256&q=75 → 200 (53ms, 4986B)
[2026-03-19T16:47:23.002Z] GET http://localhost:3000/_next/image?url=%2Fimages%2Fpink-strawberry-slush.png&w=256&q=75 → 200 (30ms, 6098B)
[2026-03-19T16:47:23.002Z] GET http://localhost:3000/_next/image?url=%2Fimages%2Fyellow-mango-slush.png&w=256&q=75 → 200 (53ms, 4480B)
[2026-03-19T16:47:23.020Z] GET http://localhost:3000/videos/HoneyOnBoard.mov → 206 (12ms, ?B)
[2026-03-19T16:47:23.020Z] GET http://localhost:3000/videos/videodrink.mov → 206 (12ms, 29098B)
[2026-03-19T16:47:23.036Z] GET http://localhost:3000/_next/static/chunks/%5Bturbopack%5D_browser_dev_hmr-client_hmr-client_ts_c8c997ce._.js → 200 (16ms, 15433B)
[2026-03-19T16:47:23.036Z] GET http://localhost:3000/_next/static/chunks/%5Bturbopack%5D_browser_dev_hmr-client_hmr-client_ts_e0464970._.js → 200 (15ms, 288B)
[2026-03-19T16:47:23.036Z] GET http://localhost:3000/videos/HoneyOnBoard.mov → 206 (2ms, 39453B)
[2026-03-19T16:47:26.235Z] GET http://localhost:3000/videos/videodrink.mov → 206 (1ms, 3895722B)
[2026-03-19T16:47:26.572Z] GET http://localhost:3000/_next/image?url=%2Fimages%2Fblue-mango-cup.png&w=256&q=75 → 200 (1ms, 5968B)
[2026-03-19T16:47:29.573Z] GET http://localhost:3000/_next/image?url=%2Fimages%2Ffrozenhotchoclate.PNG&w=256&q=75 → 200 (41ms, 6774B)
[2026-03-19T16:47:32.575Z] GET http://localhost:3000/_next/image?url=%2Fimages%2Fpinacolada.PNG&w=256&q=75 → 200 (45ms, 5608B)
[2026-03-19T16:47:35.573Z] GET http://localhost:3000/_next/image?url=%2Fimages%2Fdreamsicle.PNG&w=256&q=75 → 200 (41ms, 5576B)
[2026-03-19T16:47:38.572Z] GET http://localhost:3000/_next/image?url=%2Fimages%2Fpineapple-habanero.png&w=256&q=75 → 200 (40ms, 5174B)
[2026-03-19T16:47:41.572Z] GET http://localhost:3000/_next/image?url=%2Fimages%2Fstrawberry-kiwi-fizz.png&w=256&q=75 → 200 (38ms, 5350B)
[2026-03-19T16:47:44.573Z] GET http://localhost:3000/_next/image?url=%2Fimages%2Fbajablast.PNG&w=256&q=75 → pending (?ms, ?B)
[2026-03-19T16:47:47.572Z] GET http://localhost:3000/_next/image?url=%2Fimages%2Fpinkstarburst.PNG&w=256&q=75 → pending (?ms, ?B)
[2026-03-19T16:47:48.969Z] GET http://localhost:3000/ → 200 (18ms, 57031B)
[2026-03-19T16:47:48.990Z] GET http://localhost:3000/_next/static/chunks/Documents_snacksandsipsweb_src_app_globals_3dde203c.css → 200 (5ms, 47148B)
[2026-03-19T16:47:48.990Z] GET http://localhost:3000/_next/static/chunks/%5Bturbopack%5D_browser_dev_hmr-client_hmr-client_ts_6439aca5._.js → 200 (5ms, 671B)
[2026-03-19T16:47:48.990Z] GET http://localhost:3000/_next/static/chunks/3b8a9_next_dist_compiled_react-dom_09771519._.js → 200 (47ms, 1048468B)
[2026-03-19T16:47:48.990Z] GET http://localhost:3000/_next/static/chunks/3b8a9_next_dist_compiled_react-server-dom-turbopack_d02bf5d5._.js → 200 (16ms, 171348B)
[2026-03-19T16:47:48.990Z] GET http://localhost:3000/_next/static/chunks/3b8a9_next_dist_compiled_next-devtools_index_cb57f504.js → 200 (47ms, 816073B)
[2026-03-19T16:47:48.990Z] GET http://localhost:3000/_next/static/chunks/3b8a9_next_dist_compiled_bd962a6d._.js → 200 (16ms, 145631B)
[2026-03-19T16:47:48.990Z] GET http://localhost:3000/_next/static/chunks/3b8a9_next_dist_client_a31fcd97._.js → 200 (36ms, 634911B)
[2026-03-19T16:47:48.991Z] GET http://localhost:3000/_next/static/chunks/3b8a9_next_dist_52ea5e9f._.js → 200 (24ms, 213608B)
[2026-03-19T16:47:48.991Z] GET http://localhost:3000/_next/static/chunks/3b8a9_%40swc_helpers_cjs_c61ebb71._.js → 200 (23ms, 2026B)
[2026-03-19T16:47:48.991Z] GET http://localhost:3000/_next/static/chunks/Documents_snacksandsipsweb_a0ff3932._.js → 200 (23ms, 734B)
[2026-03-19T16:47:48.991Z] GET http://localhost:3000/_next/static/chunks/turbopack-Documents_snacksandsipsweb_df805113._.js → 200 (28ms, 75001B)
[2026-03-19T16:47:48.991Z] GET http://localhost:3000/_next/static/chunks/3b8a9_next_dist_71eaacc2._.js → 200 (29ms, 129895B)
[2026-03-19T16:47:48.991Z] GET http://localhost:3000/_next/static/chunks/3b8a9_next_dist_client_components_builtin_global-error_16a6d191.js → 200 (28ms, 255B)
[2026-03-19T16:47:48.991Z] GET http://localhost:3000/_next/static/chunks/Documents_snacksandsipsweb_2a95ea06._.js → 200 (31ms, 68260B)
[2026-03-19T16:47:48.991Z] GET http://localhost:3000/_next/static/chunks/Documents_snacksandsipsweb_src_app_layout_tsx_16a6d191._.js → 200 (29ms, 341B)
[2026-03-19T16:47:48.991Z] GET http://localhost:3000/_next/static/chunks/3b8a9_next_051026d0._.js → 200 (35ms, 141416B)
[2026-03-19T16:47:48.991Z] GET http://localhost:3000/_next/static/chunks/Documents_snacksandsipsweb_src_app_page_tsx_2471385e._.js → 200 (32ms, 58650B)
[2026-03-19T16:47:48.991Z] GET http://localhost:3000/_next/static/chunks/Documents_snacksandsipsweb_src_app_page_tsx_7afd8e66._.js → 200 (33ms, 327B)
[2026-03-19T16:47:48.991Z] GET https://fonts.googleapis.com/css2?family=Playfair+Display:ital,wght@0,400;0,500;0,600;0,700;1,400;1,500&family=Inter:wght@300;400;500;600&display=swap → 200 (?ms, 20018B)
[2026-03-19T16:47:49.005Z] GET https://fonts.gstatic.com/s/inter/v20/UcC73FwrK3iLTeHuS_nVMrMxCp50SjIa1ZL7W0Q5nw.woff2 → 200 (?ms, ?B)
[2026-03-19T16:47:49.005Z] GET https://fonts.gstatic.com/s/playfairdisplay/v40/nuFkD-vYSZviVYUb_rj3ij__anPXDTnogkk7yRZrPA.woff2 → 200 (?ms, ?B)
[2026-03-19T16:47:49.005Z] GET https://fonts.gstatic.com/s/playfairdisplay/v40/nuFiD-vYSZviVYUb_rj3ij__anPXDTzYgEM86xQ.woff2 → 200 (?ms, ?B)
[2026-03-19T16:47:49.006Z] GET http://localhost:3000/_next/image?url=%2Fimages%2Fcharcuterie-board-closeup.jpg&w=640&q=75 → 304 (20ms, ?B)
[2026-03-19T16:47:49.006Z] GET http://localhost:3000/_next/image?url=%2Fimages%2FJC6A0489.JPEG&w=640&q=75 → 304 (21ms, ?B)
[2026-03-19T16:47:49.006Z] GET http://localhost:3000/_next/image?url=%2Fimages%2Fvalentineboard.png&w=640&q=75 → 304 (30ms, ?B)
[2026-03-19T16:47:49.006Z] GET http://localhost:3000/_next/image?url=%2Fimages%2FJC6A0643.JPEG&w=1200&q=75 → 304 (30ms, ?B)
[2026-03-19T16:47:49.006Z] GET http://localhost:3000/_next/image?url=%2Fimages%2Fpink-strawberry-slush.png&w=256&q=75 → 304 (30ms, ?B)
[2026-03-19T16:47:49.006Z] GET http://localhost:3000/_next/image?url=%2Fimages%2Fyellow-mango-slush.png&w=256&q=75 → 304 (30ms, ?B)
[2026-03-19T16:47:49.006Z] GET http://localhost:3000/_next/image?url=%2Fimages%2FBirthday%20Cake.PNG&w=256&q=75 → 200 (31ms, 4986B)
[2026-03-19T16:47:49.040Z] GET http://localhost:3000/_next/static/chunks/%5Bturbopack%5D_browser_dev_hmr-client_hmr-client_ts_c8c997ce._.js → 200 (13ms, 15433B)
[2026-03-19T16:47:49.041Z] GET http://localhost:3000/_next/static/chunks/%5Bturbopack%5D_browser_dev_hmr-client_hmr-client_ts_e0464970._.js → 200 (12ms, 288B)
[2026-03-19T16:47:52.574Z] GET http://localhost:3000/_next/image?url=%2Fimages%2Fblue-mango-cup.png&w=256&q=75 → pending (?ms, ?B)
[2026-03-19T16:47:55.573Z] GET http://localhost:3000/_next/image?url=%2Fimages%2Ffrozenhotchoclate.PNG&w=256&q=75 → 200 (3ms, 6774B)
[2026-03-19T16:47:58.574Z] GET http://localhost:3000/_next/image?url=%2Fimages%2Fpinacolada.PNG&w=256&q=75 → 200 (4ms, 5608B)
[2026-03-19T16:48:01.574Z] GET http://localhost:3000/_next/image?url=%2Fimages%2Fdreamsicle.PNG&w=256&q=75 → 200 (3ms, 5576B)
[2026-03-19T16:48:04.573Z] GET http://localhost:3000/_next/image?url=%2Fimages%2Fpineapple-habanero.png&w=256&q=75 → 200 (5ms, 5174B)
[2026-03-19T16:48:07.577Z] GET http://localhost:3000/_next/image?url=%2Fimages%2Fstrawberry-kiwi-fizz.png&w=256&q=75 → 200 (3ms, 5350B)
[2026-03-19T16:48:10.576Z] GET http://localhost:3000/_next/image?url=%2Fimages%2Fbajablast.PNG&w=256&q=75 → 200 (4ms, 6368B)
[2026-03-19T16:48:13.577Z] GET http://localhost:3000/_next/image?url=%2Fimages%2Fpinkstarburst.PNG&w=256&q=75 → 200 (6ms, 4786B)
[2026-03-19T16:48:16.577Z] GET http://localhost:3000/_next/image?url=%2Fimages%2Fkiwicoconut.PNG&w=256&q=75 → pending (?ms, ?B)
[2026-03-19T16:48:19.576Z] GET http://localhost:3000/_next/image?url=%2Fimages%2Fblueberrylemonade.PNG&w=256&q=75 → pending (?ms, ?B)
[2026-03-19T16:48:22.574Z] GET http://localhost:3000/_next/image?url=%2Fimages%2Flavenderlemonade.PNG&w=256&q=75 → pending (?ms, ?B)
[2026-03-19T16:48:25.578Z] GET http://localhost:3000/_next/image?url=%2Fimages%2Fspicywatermelonlimeade.PNG&w=256&q=75 → pending (?ms, ?B)
[2026-03-19T16:48:28.577Z] GET http://localhost:3000/_next/image?url=%2Fimages%2Fmojito.PNG&w=256&q=75 → pending (?ms, ?B)
[2026-03-19T16:48:31.577Z] GET http://localhost:3000/_next/image?url=%2Fimages%2Fcucumbermint.PNG&w=256&q=75 → pending (?ms, ?B)
[2026-03-19T16:48:34.577Z] GET http://localhost:3000/_next/image?url=%2Fimages%2Fpaloma.PNG&w=256&q=75 → pending (?ms, ?B)
[2026-03-19T16:48:37.577Z] GET http://localhost:3000/_next/image?url=%2Fimages%2Faperolspritz.PNG&w=256&q=75 → pending (?ms, ?B)
[2026-03-19T16:48:40.576Z] GET http://localhost:3000/_next/image?url=%2Fimages%2Forangefanta.PNG&w=256&q=75 → pending (?ms, ?B)
[2026-03-19T16:48:43.577Z] GET http://localhost:3000/_next/image?url=%2Fimages%2FPeach%20Bellini.jpeg&w=256&q=75 → 200 (27ms, 4914B)
[2026-03-19T16:48:46.576Z] GET http://localhost:3000/_next/image?url=%2Fimages%2FShirley%20Temple.PNG&w=256&q=75 → 200 (37ms, 5066B)
[2026-03-19T16:48:49.576Z] GET http://localhost:3000/_next/image?url=%2Fimages%2FPeach%20Sweet%20Tea.PNG&w=256&q=75 → 200 (47ms, 4684B)
[2026-03-19T16:48:52.574Z] GET http://localhost:3000/_next/image?url=%2Fimages%2Fpistachio-caramel-cup.png&w=256&q=75 → 200 (7ms, 7246B)
[2026-03-19T16:48:55.577Z] GET http://localhost:3000/_next/image?url=%2Fimages%2Fchocolate-pretzel-cup.png&w=256&q=75 → 200 (39ms, 6178B)
[2026-03-19T16:48:58.576Z] GET http://localhost:3000/_next/image?url=%2Fimages%2Fclassiccoffee.PNG&w=256&q=75 → 200 (47ms, 5656B)
[2026-03-19T16:49:01.575Z] GET http://localhost:3000/_next/image?url=%2Fimages%2Fexpressomartini.PNG&w=256&q=75 → 200 (46ms, 5494B)
[2026-03-19T16:49:04.577Z] GET http://localhost:3000/_next/image?url=%2Fimages%2FHazelnutLatte.PNG&w=256&q=75 → 200 (47ms, 5430B)
[2026-03-19T16:49:07.574Z] GET http://localhost:3000/_next/image?url=%2Fimages%2FBirthday%20Cake.PNG&w=256&q=75 → 200 (5ms, 4986B)
[2026-03-19T16:49:10.573Z] GET http://localhost:3000/_next/image?url=%2Fimages%2Fpink-strawberry-slush.png&w=256&q=75 → 200 (7ms, 6098B)
[2026-03-19T16:49:13.579Z] GET http://localhost:3000/_next/image?url=%2Fimages%2Fyellow-mango-slush.png&w=256&q=75 → 200 (6ms, 4480B)
[2026-03-19T16:49:16.574Z] GET http://localhost:3000/_next/image?url=%2Fimages%2Fblue-mango-cup.png&w=256&q=75 → 200 (7ms, 5968B)
[2026-03-19T16:49:19.574Z] GET http://localhost:3000/_next/image?url=%2Fimages%2Ffrozenhotchoclate.PNG&w=256&q=75 → 200 (7ms, 6774B)
[2026-03-19T16:49:22.576Z] GET http://localhost:3000/_next/image?url=%2Fimages%2Fpinacolada.PNG&w=256&q=75 → 200 (6ms, 5608B)
[2026-03-19T16:49:25.573Z] GET http://localhost:3000/_next/image?url=%2Fimages%2Fdreamsicle.PNG&w=256&q=75 → 200 (6ms, 5576B)
[2026-03-19T16:49:28.572Z] GET http://localhost:3000/_next/image?url=%2Fimages%2Fpineapple-habanero.png&w=256&q=75 → 200 (6ms, 5174B)
[2026-03-19T16:49:31.575Z] GET http://localhost:3000/_next/image?url=%2Fimages%2Fstrawberry-kiwi-fizz.png&w=256&q=75 → 200 (6ms, 5350B)
[2026-03-19T16:49:34.572Z] GET http://localhost:3000/_next/image?url=%2Fimages%2Fbajablast.PNG&w=256&q=75 → 200 (6ms, 6368B)
[2026-03-19T16:49:37.574Z] GET http://localhost:3000/_next/image?url=%2Fimages%2Fpinkstarburst.PNG&w=256&q=75 → 200 (7ms, 4786B)
[2026-03-19T16:49:40.577Z] GET http://localhost:3000/_next/image?url=%2Fimages%2Fkiwicoconut.PNG&w=256&q=75 → 200 (7ms, 4050B)
[2026-03-19T16:49:43.577Z] GET http://localhost:3000/_next/image?url=%2Fimages%2Fblueberrylemonade.PNG&w=256&q=75 → 200 (6ms, 5616B)
[2026-03-19T16:49:46.575Z] GET http://localhost:3000/_next/image?url=%2Fimages%2Flavenderlemonade.PNG&w=256&q=75 → 200 (6ms, 5286B)
[2026-03-19T16:49:49.575Z] GET http://localhost:3000/_next/image?url=%2Fimages%2Fspicywatermelonlimeade.PNG&w=256&q=75 → 200 (7ms, 4754B)
[2026-03-19T16:49:52.575Z] GET http://localhost:3000/_next/image?url=%2Fimages%2Fmojito.PNG&w=256&q=75 → 200 (4ms, 5562B)
[2026-03-19T16:49:55.575Z] GET http://localhost:3000/_next/image?url=%2Fimages%2Fcucumbermint.PNG&w=256&q=75 → 200 (6ms, 4866B)
[2026-03-19T16:49:58.577Z] GET http://localhost:3000/_next/image?url=%2Fimages%2Fpaloma.PNG&w=256&q=75 → 200 (4ms, 6278B)
[2026-03-19T16:50:01.576Z] GET http://localhost:3000/_next/image?url=%2Fimages%2Faperolspritz.PNG&w=256&q=75 → 200 (5ms, 6838B)
[2026-03-19T16:50:04.576Z] GET http://localhost:3000/_next/image?url=%2Fimages%2Forangefanta.PNG&w=256&q=75 → 200 (6ms, 5932B)
[2026-03-19T16:50:07.575Z] GET http://localhost:3000/_next/image?url=%2Fimages%2FPeach%20Bellini.jpeg&w=256&q=75 → 200 (6ms, 4914B)
[2026-03-19T16:50:10.576Z] GET http://localhost:3000/_next/image?url=%2Fimages%2FShirley%20Temple.PNG&w=256&q=75 → 200 (5ms, 5066B)
[2026-03-19T16:50:13.577Z] GET http://localhost:3000/_next/image?url=%2Fimages%2FPeach%20Sweet%20Tea.PNG&w=256&q=75 → 200 (8ms, 4684B)
[2026-03-19T16:50:16.573Z] GET http://localhost:3000/_next/image?url=%2Fimages%2Fpistachio-caramel-cup.png&w=256&q=75 → 200 (6ms, 7246B)
[2026-03-19T16:50:19.575Z] GET http://localhost:3000/_next/image?url=%2Fimages%2Fchocolate-pretzel-cup.png&w=256&q=75 → 200 (7ms, 6178B)
[2026-03-19T16:50:22.573Z] GET http://localhost:3000/_next/image?url=%2Fimages%2Fclassiccoffee.PNG&w=256&q=75 → 200 (7ms, 5656B)
[2026-03-19T16:50:25.575Z] GET http://localhost:3000/_next/image?url=%2Fimages%2Fexpressomartini.PNG&w=256&q=75 → 200 (6ms, 5494B)
[2026-03-19T16:50:28.571Z] GET http://localhost:3000/_next/image?url=%2Fimages%2FHazelnutLatte.PNG&w=256&q=75 → 200 (4ms, 5430B)
[2026-03-19T16:50:31.572Z] GET http://localhost:3000/_next/image?url=%2Fimages%2FBirthday%20Cake.PNG&w=256&q=75 → 200 (6ms, 4986B)
[2026-03-19T16:50:34.577Z] GET http://localhost:3000/_next/image?url=%2Fimages%2Fpink-strawberry-slush.png&w=256&q=75 → 200 (3ms, 6098B)
[2026-03-19T16:50:37.576Z] GET http://localhost:3000/_next/image?url=%2Fimages%2Fyellow-mango-slush.png&w=256&q=75 → 200 (4ms, 4480B)
[2026-03-19T16:50:40.576Z] GET http://localhost:3000/_next/image?url=%2Fimages%2Fblue-mango-cup.png&w=256&q=75 → 200 (4ms, 5968B)
[2026-03-19T16:50:43.575Z] GET http://localhost:3000/_next/image?url=%2Fimages%2Ffrozenhotchoclate.PNG&w=256&q=75 → 200 (6ms, 6774B)
[2026-03-19T16:50:46.574Z] GET http://localhost:3000/_next/image?url=%2Fimages%2Fpinacolada.PNG&w=256&q=75 → 200 (6ms, 5608B)
[2026-03-19T16:50:49.574Z] GET http://localhost:3000/_next/image?url=%2Fimages%2Fdreamsicle.PNG&w=256&q=75 → 200 (3ms, 5576B)
[2026-03-19T16:50:52.576Z] GET http://localhost:3000/_next/image?url=%2Fimages%2Fpineapple-habanero.png&w=256&q=75 → 200 (2ms, 5174B)
[2026-03-19T16:50:55.574Z] GET http://localhost:3000/_next/image?url=%2Fimages%2Fstrawberry-kiwi-fizz.png&w=256&q=75 → 200 (6ms, 5350B)
[2026-03-19T16:50:58.576Z] GET http://localhost:3000/_next/image?url=%2Fimages%2Fbajablast.PNG&w=256&q=75 → 200 (7ms, 6368B)
[2026-03-19T16:51:01.573Z] GET http://localhost:3000/_next/image?url=%2Fimages%2Fpinkstarburst.PNG&w=256&q=75 → 200 (4ms, 4786B)
[2026-03-19T16:51:04.576Z] GET http://localhost:3000/_next/image?url=%2Fimages%2Fkiwicoconut.PNG&w=256&q=75 → 200 (6ms, 4050B)
[2026-03-19T16:51:07.574Z] GET http://localhost:3000/_next/image?url=%2Fimages%2Fblueberrylemonade.PNG&w=256&q=75 → 200 (6ms, 5616B)
[2026-03-19T16:51:10.573Z] GET http://localhost:3000/_next/image?url=%2Fimages%2Flavenderlemonade.PNG&w=256&q=75 → 200 (5ms, 5286B)
[2026-03-19T16:51:13.574Z] GET http://localhost:3000/_next/image?url=%2Fimages%2Fspicywatermelonlimeade.PNG&w=256&q=75 → 200 (7ms, 4754B)
[2026-03-19T16:51:16.575Z] GET http://localhost:3000/_next/image?url=%2Fimages%2Fmojito.PNG&w=256&q=75 → 200 (5ms, 5562B)
[2026-03-19T16:51:19.575Z] GET http://localhost:3000/_next/image?url=%2Fimages%2Fcucumbermint.PNG&w=256&q=75 → 200 (6ms, 4866B)
[2026-03-19T16:51:22.576Z] GET http://localhost:3000/_next/image?url=%2Fimages%2Fpaloma.PNG&w=256&q=75 → 200 (7ms, 6278B)
[2026-03-19T16:51:25.576Z] GET http://localhost:3000/_next/image?url=%2Fimages%2Faperolspritz.PNG&w=256&q=75 → 200 (6ms, 6838B)
[2026-03-19T16:51:28.574Z] GET http://localhost:3000/_next/image?url=%2Fimages%2Forangefanta.PNG&w=256&q=75 → 200 (6ms, 5932B)
[2026-03-19T16:51:31.575Z] GET http://localhost:3000/_next/image?url=%2Fimages%2FPeach%20Bellini.jpeg&w=256&q=75 → 200 (6ms, 4914B)
[2026-03-19T16:51:34.571Z] GET http://localhost:3000/_next/image?url=%2Fimages%2FShirley%20Temple.PNG&w=256&q=75 → 200 (3ms, 5066B)
[2026-03-19T16:51:34.610Z] GET http://localhost:3000/_next/static/chunks/Documents_snacksandsipsweb_src_app_globals_3dde203c.css → 200 (1ms, 47202B)
[2026-03-19T16:51:34.618Z] GET http://localhost:3000/_next/image?url=%2Fimages%2FBirthday%20Cake.PNG&w=256&q=75 → 200 (6ms, 4986B)
[2026-03-19T16:51:34.619Z] GET http://localhost:3000/_next/image?url=%2Fimages%2Fpink-strawberry-slush.png&w=256&q=75 → 200 (9ms, 6098B)
[2026-03-19T16:51:34.621Z] GET http://localhost:3000/_next/image?url=%2Fimages%2Fyellow-mango-slush.png&w=256&q=75 → 200 (11ms, 4480B)
[2026-03-19T16:51:34.621Z] GET http://localhost:3000/_next/image?url=%2Fimages%2Fblue-mango-cup.png&w=256&q=75 → 200 (12ms, 5968B)
[2026-03-19T16:51:34.621Z] GET http://localhost:3000/_next/image?url=%2Fimages%2Ffrozenhotchoclate.PNG&w=256&q=75 → 200 (14ms, 6774B)
[2026-03-19T16:51:34.621Z] GET http://localhost:3000/_next/image?url=%2Fimages%2Fpinacolada.PNG&w=256&q=75 → 200 (17ms, 5608B)
[2026-03-19T16:51:34.621Z] GET http://localhost:3000/_next/image?url=%2Fimages%2Fdreamsicle.PNG&w=256&q=75 → 200 (15ms, 5576B)
[2026-03-19T16:51:34.621Z] GET http://localhost:3000/_next/image?url=%2Fimages%2Fpineapple-habanero.png&w=256&q=75 → 200 (18ms, 5174B)
[2026-03-19T16:51:34.621Z] GET http://localhost:3000/_next/image?url=%2Fimages%2Fstrawberry-kiwi-fizz.png&w=256&q=75 → 200 (22ms, 5350B)
[2026-03-19T16:51:34.622Z] GET http://localhost:3000/_next/image?url=%2Fimages%2Fbajablast.PNG&w=256&q=75 → 200 (22ms, 6368B)
[2026-03-19T16:51:34.622Z] GET http://localhost:3000/_next/image?url=%2Fimages%2Fpinkstarburst.PNG&w=256&q=75 → 200 (23ms, 4786B)
[2026-03-19T16:51:34.622Z] GET http://localhost:3000/_next/image?url=%2Fimages%2Fkiwicoconut.PNG&w=256&q=75 → 200 (23ms, 4050B)
[2026-03-19T16:51:34.622Z] GET http://localhost:3000/_next/image?url=%2Fimages%2Fblueberrylemonade.PNG&w=256&q=75 → 200 (24ms, 5616B)
[2026-03-19T16:51:34.622Z] GET http://localhost:3000/_next/image?url=%2Fimages%2Flavenderlemonade.PNG&w=256&q=75 → 200 (24ms, 5286B)
[2026-03-19T16:51:34.622Z] GET http://localhost:3000/_next/image?url=%2Fimages%2Fspicywatermelonlimeade.PNG&w=256&q=75 → 200 (25ms, 4754B)
[2026-03-19T16:51:34.622Z] GET http://localhost:3000/_next/image?url=%2Fimages%2Fmojito.PNG&w=256&q=75 → 200 (25ms, 5562B)
[2026-03-19T16:52:02.247Z] GET http://localhost:3000/_next/static/chunks/Documents_snacksandsipsweb_src_app_globals_3dde203c.css → 200 (2ms, 44718B)
[2026-03-19T16:52:09.266Z] GET http://localhost:3000/ → 200 (102ms, 83039B)
[2026-03-19T16:52:09.371Z] GET http://localhost:3000/_next/static/chunks/Documents_snacksandsipsweb_src_app_globals_3dde203c.css → 200 (3ms, 44718B)
[2026-03-19T16:52:09.371Z] GET http://localhost:3000/_next/static/chunks/%5Bturbopack%5D_browser_dev_hmr-client_hmr-client_ts_6439aca5._.js → 200 (3ms, 671B)
[2026-03-19T16:52:09.371Z] GET http://localhost:3000/_next/static/chunks/3b8a9_next_dist_compiled_react-dom_09771519._.js → 200 (41ms, 1048468B)
[2026-03-19T16:52:09.371Z] GET http://localhost:3000/_next/static/chunks/3b8a9_next_dist_compiled_react-server-dom-turbopack_d02bf5d5._.js → 200 (15ms, 171348B)
[2026-03-19T16:52:09.371Z] GET http://localhost:3000/_next/static/chunks/3b8a9_next_dist_compiled_next-devtools_index_cb57f504.js → 200 (41ms, 816073B)
[2026-03-19T16:52:09.371Z] GET http://localhost:3000/_next/static/chunks/3b8a9_next_dist_compiled_bd962a6d._.js → 200 (15ms, 145631B)
[2026-03-19T16:52:09.371Z] GET http://localhost:3000/_next/static/chunks/3b8a9_next_dist_client_a31fcd97._.js → 200 (30ms, 634911B)
[2026-03-19T16:52:09.371Z] GET http://localhost:3000/_next/static/chunks/3b8a9_next_dist_52ea5e9f._.js → 200 (20ms, 213608B)
[2026-03-19T16:52:09.371Z] GET http://localhost:3000/_next/static/chunks/3b8a9_%40swc_helpers_cjs_c61ebb71._.js → 200 (15ms, 2026B)
[2026-03-19T16:52:09.371Z] GET http://localhost:3000/_next/static/chunks/Documents_snacksandsipsweb_a0ff3932._.js → 200 (18ms, 734B)
[2026-03-19T16:52:09.371Z] GET http://localhost:3000/_next/static/chunks/turbopack-Documents_snacksandsipsweb_df805113._.js → 200 (20ms, 75001B)
[2026-03-19T16:52:09.371Z] GET http://localhost:3000/_next/static/chunks/3b8a9_next_dist_71eaacc2._.js → 200 (22ms, 129895B)
[2026-03-19T16:52:09.372Z] GET http://localhost:3000/_next/static/chunks/3b8a9_next_dist_client_components_builtin_global-error_16a6d191.js → 200 (20ms, 255B)
[2026-03-19T16:52:09.372Z] GET http://localhost:3000/_next/static/chunks/Documents_snacksandsipsweb_2a95ea06._.js → 200 (24ms, 68260B)
[2026-03-19T16:52:09.372Z] GET http://localhost:3000/_next/static/chunks/Documents_snacksandsipsweb_src_app_layout_tsx_16a6d191._.js → 200 (23ms, 341B)
[2026-03-19T16:52:09.372Z] GET http://localhost:3000/_next/static/chunks/3b8a9_next_051026d0._.js → 200 (28ms, 141416B)
[2026-03-19T16:52:09.372Z] GET http://localhost:3000/_next/static/chunks/Documents_snacksandsipsweb_src_app_page_tsx_2471385e._.js → 200 (25ms, 52164B)
[2026-03-19T16:52:09.372Z] GET http://localhost:3000/_next/static/chunks/Documents_snacksandsipsweb_src_app_page_tsx_7afd8e66._.js → 200 (25ms, 327B)
[2026-03-19T16:52:09.372Z] GET https://fonts.googleapis.com/css2?family=Playfair+Display:ital,wght@0,400;0,500;0,600;0,700;1,400;1,500&family=Inter:wght@300;400;500;600&display=swap → 200 (?ms, 20018B)
[2026-03-19T16:52:09.372Z] GET http://localhost:3000/videos/HoneyOnBoard.mov → 206 (27ms, ?B)
[2026-03-19T16:52:09.372Z] GET http://localhost:3000/videos/videodrink.mov → 206 (27ms, ?B)
[2026-03-19T16:52:09.384Z] GET https://fonts.gstatic.com/s/inter/v20/UcC73FwrK3iLTeHuS_nVMrMxCp50SjIa1ZL7W0Q5nw.woff2 → 200 (?ms, ?B)
[2026-03-19T16:52:09.384Z] GET https://fonts.gstatic.com/s/playfairdisplay/v40/nuFkD-vYSZviVYUb_rj3ij__anPXDTnogkk7yRZrPA.woff2 → 200 (?ms, ?B)
[2026-03-19T16:52:09.385Z] GET https://fonts.gstatic.com/s/playfairdisplay/v40/nuFiD-vYSZviVYUb_rj3ij__anPXDTzYgEM86xQ.woff2 → 200 (?ms, ?B)
[2026-03-19T16:52:09.385Z] GET http://localhost:3000/_next/image?url=%2Fimages%2Fcharcuterie-board-closeup.jpg&w=640&q=75 → 304 (17ms, ?B)
[2026-03-19T16:52:09.385Z] GET http://localhost:3000/_next/image?url=%2Fimages%2FJC6A0489.JPEG&w=640&q=75 → 304 (25ms, ?B)
[2026-03-19T16:52:09.385Z] GET http://localhost:3000/_next/image?url=%2Fimages%2Fvalentineboard.png&w=640&q=75 → 304 (26ms, ?B)
[2026-03-19T16:52:09.385Z] GET http://localhost:3000/_next/image?url=%2Fimages%2FJC6A0643.JPEG&w=1200&q=75 → 304 (26ms, ?B)
[2026-03-19T16:52:09.385Z] GET http://localhost:3000/_next/image?url=%2Fimages%2FBirthday%20Cake.PNG&w=256&q=75 → 304 (26ms, ?B)
[2026-03-19T16:52:09.385Z] GET http://localhost:3000/_next/image?url=%2Fimages%2Fpink-strawberry-slush.png&w=256&q=75 → 304 (26ms, ?B)
[2026-03-19T16:52:09.385Z] GET http://localhost:3000/_next/image?url=%2Fimages%2Fyellow-mango-slush.png&w=256&q=75 → 304 (26ms, ?B)
[2026-03-19T16:52:09.385Z] GET http://localhost:3000/_next/image?url=%2Fimages%2Fblue-mango-cup.png&w=256&q=75 → 304 (26ms, ?B)
[2026-03-19T16:52:09.385Z] GET http://localhost:3000/_next/image?url=%2Fimages%2Ffrozenhotchoclate.PNG&w=256&q=75 → 304 (26ms, ?B)
[2026-03-19T16:52:09.385Z] GET http://localhost:3000/_next/image?url=%2Fimages%2Fpinacolada.PNG&w=256&q=75 → 304 (26ms, ?B)
[2026-03-19T16:52:09.386Z] GET http://localhost:3000/_next/image?url=%2Fimages%2Fdreamsicle.PNG&w=256&q=75 → 304 (26ms, ?B)
[2026-03-19T16:52:09.386Z] GET http://localhost:3000/_next/image?url=%2Fimages%2Fpineapple-habanero.png&w=256&q=75 → 304 (35ms, ?B)
[2026-03-19T16:52:09.386Z] GET http://localhost:3000/_next/image?url=%2Fimages%2Fstrawberry-kiwi-fizz.png&w=256&q=75 → 304 (35ms, ?B)
[2026-03-19T16:52:09.386Z] GET http://localhost:3000/_next/image?url=%2Fimages%2Fbajablast.PNG&w=256&q=75 → 304 (35ms, ?B)
[2026-03-19T16:52:09.386Z] GET http://localhost:3000/_next/image?url=%2Fimages%2Fpinkstarburst.PNG&w=256&q=75 → 304 (35ms, ?B)
[2026-03-19T16:52:09.386Z] GET http://localhost:3000/_next/image?url=%2Fimages%2Fkiwicoconut.PNG&w=256&q=75 → 304 (36ms, ?B)
[2026-03-19T16:52:09.386Z] GET http://localhost:3000/_next/image?url=%2Fimages%2Fblueberrylemonade.PNG&w=256&q=75 → 304 (36ms, ?B)
[2026-03-19T16:52:09.401Z] GET http://localhost:3000/videos/videodrink.mov → 206 (20ms, 29098B)
[2026-03-19T16:52:09.401Z] GET http://localhost:3000/videos/HoneyOnBoard.mov → 206 (20ms, 39453B)
[2026-03-19T16:52:09.421Z] GET http://localhost:3000/_next/static/chunks/%5Bturbopack%5D_browser_dev_hmr-client_hmr-client_ts_c8c997ce._.js → 200 (14ms, 15433B)
[2026-03-19T16:52:09.421Z] GET http://localhost:3000/_next/static/chunks/%5Bturbopack%5D_browser_dev_hmr-client_hmr-client_ts_e0464970._.js → 200 (14ms, 288B)
[2026-03-19T16:52:10.003Z] GET http://localhost:3000/videos/HoneyOnBoard.mov → 206 (2ms, 7641629B)
[2026-03-19T16:52:11.972Z] GET http://localhost:3000/_next/image?url=%2Fimages%2Flavenderlemonade.PNG&w=256&q=75 → 304 (4ms, ?B)
[2026-03-19T16:52:15.188Z] GET http://localhost:3000/_next/image?url=%2Fimages%2Fspicywatermelonlimeade.PNG&w=256&q=75 → 304 (5ms, ?B)
[2026-03-19T16:52:18.413Z] GET http://localhost:3000/_next/image?url=%2Fimages%2Fmojito.PNG&w=256&q=75 → 304 (6ms, ?B)
[2026-03-19T16:52:21.630Z] GET http://localhost:3000/_next/image?url=%2Fimages%2Fcucumbermint.PNG&w=256&q=75 → 200 (6ms, 4866B)
[2026-03-19T16:52:24.854Z] GET http://localhost:3000/_next/image?url=%2Fimages%2Fpaloma.PNG&w=256&q=75 → 304 (9ms, ?B)
[2026-03-19T16:52:28.071Z] GET http://localhost:3000/_next/image?url=%2Fimages%2Faperolspritz.PNG&w=256&q=75 → 304 (5ms, ?B)
[2026-03-19T16:52:31.296Z] GET http://localhost:3000/_next/image?url=%2Fimages%2Forangefanta.PNG&w=256&q=75 → 304 (6ms, ?B)
[2026-03-19T16:52:34.512Z] GET http://localhost:3000/_next/image?url=%2Fimages%2FPeach%20Bellini.jpeg&w=256&q=75 → 304 (6ms, ?B)
[2026-03-19T16:52:37.675Z] GET http://localhost:3000/ → 200 (25ms, 83039B)
[2026-03-19T16:52:37.702Z] GET http://localhost:3000/_next/static/chunks/Documents_snacksandsipsweb_src_app_globals_3dde203c.css → 200 (5ms, 44718B)
[2026-03-19T16:52:37.703Z] GET http://localhost:3000/_next/static/chunks/%5Bturbopack%5D_browser_dev_hmr-client_hmr-client_ts_6439aca5._.js → 200 (3ms, 671B)
[2026-03-19T16:52:37.703Z] GET http://localhost:3000/_next/static/chunks/3b8a9_next_dist_compiled_react-dom_09771519._.js → 200 (43ms, 1048468B)
[2026-03-19T16:52:37.703Z] GET http://localhost:3000/_next/static/chunks/3b8a9_next_dist_compiled_react-server-dom-turbopack_d02bf5d5._.js → 200 (15ms, 171348B)
[2026-03-19T16:52:37.703Z] GET http://localhost:3000/_next/static/chunks/3b8a9_next_dist_compiled_next-devtools_index_cb57f504.js → 200 (43ms, 816073B)
[2026-03-19T16:52:37.703Z] GET http://localhost:3000/_next/static/chunks/3b8a9_next_dist_compiled_bd962a6d._.js → 200 (15ms, 145631B)
[2026-03-19T16:52:37.703Z] GET http://localhost:3000/_next/static/chunks/3b8a9_next_dist_client_a31fcd97._.js → 200 (33ms, 634911B)
[2026-03-19T16:52:37.703Z] GET http://localhost:3000/_next/static/chunks/3b8a9_next_dist_52ea5e9f._.js → 200 (19ms, 213608B)
[2026-03-19T16:52:37.703Z] GET http://localhost:3000/_next/static/chunks/3b8a9_%40swc_helpers_cjs_c61ebb71._.js → 200 (15ms, 2026B)
[2026-03-19T16:52:37.703Z] GET http://localhost:3000/_next/static/chunks/Documents_snacksandsipsweb_a0ff3932._.js → 200 (15ms, 734B)
[2026-03-19T16:52:37.703Z] GET http://localhost:3000/_next/static/chunks/turbopack-Documents_snacksandsipsweb_df805113._.js → 200 (20ms, 75001B)
[2026-03-19T16:52:37.705Z] GET http://localhost:3000/_next/static/chunks/3b8a9_next_dist_71eaacc2._.js → 200 (21ms, 129895B)
[2026-03-19T16:52:37.705Z] GET http://localhost:3000/_next/static/chunks/3b8a9_next_dist_client_components_builtin_global-error_16a6d191.js → 200 (21ms, 255B)
[2026-03-19T16:52:37.705Z] GET http://localhost:3000/_next/static/chunks/Documents_snacksandsipsweb_2a95ea06._.js → 200 (22ms, 68260B)
[2026-03-19T16:52:37.705Z] GET http://localhost:3000/_next/static/chunks/Documents_snacksandsipsweb_src_app_layout_tsx_16a6d191._.js → 200 (22ms, 341B)
[2026-03-19T16:52:37.705Z] GET http://localhost:3000/_next/static/chunks/3b8a9_next_051026d0._.js → 200 (31ms, 141416B)
[2026-03-19T16:52:37.705Z] GET http://localhost:3000/_next/static/chunks/Documents_snacksandsipsweb_src_app_page_tsx_2471385e._.js → 200 (25ms, 52164B)
[2026-03-19T16:52:37.705Z] GET http://localhost:3000/_next/static/chunks/Documents_snacksandsipsweb_src_app_page_tsx_7afd8e66._.js → 200 (26ms, 327B)
[2026-03-19T16:52:37.705Z] GET https://fonts.googleapis.com/css2?family=Playfair+Display:ital,wght@0,400;0,500;0,600;0,700;1,400;1,500&family=Inter:wght@300;400;500;600&display=swap → 200 (?ms, 20018B)
[2026-03-19T16:52:37.705Z] GET http://localhost:3000/videos/videodrink.mov → 206 (24ms, 1077674B)
[2026-03-19T16:52:37.716Z] GET https://fonts.gstatic.com/s/inter/v20/UcC73FwrK3iLTeHuS_nVMrMxCp50SjIa1ZL7W0Q5nw.woff2 → 200 (?ms, ?B)
[2026-03-19T16:52:37.716Z] GET https://fonts.gstatic.com/s/playfairdisplay/v40/nuFkD-vYSZviVYUb_rj3ij__anPXDTnogkk7yRZrPA.woff2 → 200 (?ms, ?B)
[2026-03-19T16:52:37.717Z] GET https://fonts.gstatic.com/s/playfairdisplay/v40/nuFiD-vYSZviVYUb_rj3ij__anPXDTzYgEM86xQ.woff2 → 200 (?ms, ?B)
[2026-03-19T16:52:37.717Z] GET http://localhost:3000/_next/image?url=%2Fimages%2Fcharcuterie-board-closeup.jpg&w=640&q=75 → 304 (18ms, ?B)
[2026-03-19T16:52:37.717Z] GET http://localhost:3000/_next/image?url=%2Fimages%2FJC6A0489.JPEG&w=640&q=75 → 304 (18ms, ?B)
[2026-03-19T16:52:37.717Z] GET http://localhost:3000/_next/image?url=%2Fimages%2Fvalentineboard.png&w=640&q=75 → 304 (19ms, ?B)
[2026-03-19T16:52:37.717Z] GET http://localhost:3000/_next/image?url=%2Fimages%2FJC6A0643.JPEG&w=1200&q=75 → 304 (19ms, ?B)
[2026-03-19T16:52:37.717Z] GET http://localhost:3000/_next/image?url=%2Fimages%2FBirthday%20Cake.PNG&w=256&q=75 → 304 (19ms, ?B)
[2026-03-19T16:52:37.717Z] GET http://localhost:3000/_next/image?url=%2Fimages%2Fpink-strawberry-slush.png&w=256&q=75 → 304 (20ms, ?B)
[2026-03-19T16:52:37.717Z] GET http://localhost:3000/_next/image?url=%2Fimages%2Fyellow-mango-slush.png&w=256&q=75 → 304 (20ms, ?B)
[2026-03-19T16:52:37.717Z] GET http://localhost:3000/_next/image?url=%2Fimages%2Fblue-mango-cup.png&w=256&q=75 → 304 (21ms, ?B)
[2026-03-19T16:52:37.717Z] GET http://localhost:3000/_next/image?url=%2Fimages%2Ffrozenhotchoclate.PNG&w=256&q=75 → 304 (28ms, ?B)
[2026-03-19T16:52:37.717Z] GET http://localhost:3000/_next/image?url=%2Fimages%2Fpinacolada.PNG&w=256&q=75 → 304 (28ms, ?B)
[2026-03-19T16:52:37.717Z] GET http://localhost:3000/_next/image?url=%2Fimages%2Fdreamsicle.PNG&w=256&q=75 → 304 (28ms, ?B)
[2026-03-19T16:52:37.718Z] GET http://localhost:3000/_next/image?url=%2Fimages%2Fpineapple-habanero.png&w=256&q=75 → 304 (27ms, ?B)
[2026-03-19T16:52:37.718Z] GET http://localhost:3000/_next/image?url=%2Fimages%2Fstrawberry-kiwi-fizz.png&w=256&q=75 → 304 (27ms, ?B)
[2026-03-19T16:52:37.718Z] GET http://localhost:3000/_next/image?url=%2Fimages%2Fbajablast.PNG&w=256&q=75 → 304 (28ms, ?B)
[2026-03-19T16:52:37.718Z] GET http://localhost:3000/_next/image?url=%2Fimages%2Fpinkstarburst.PNG&w=256&q=75 → 304 (28ms, ?B)
[2026-03-19T16:52:37.718Z] GET http://localhost:3000/_next/image?url=%2Fimages%2Fkiwicoconut.PNG&w=256&q=75 → 304 (28ms, ?B)
[2026-03-19T16:52:37.750Z] GET http://localhost:3000/_next/static/chunks/%5Bturbopack%5D_browser_dev_hmr-client_hmr-client_ts_c8c997ce._.js → 200 (16ms, 15433B)
[2026-03-19T16:52:37.750Z] GET http://localhost:3000/_next/static/chunks/%5Bturbopack%5D_browser_dev_hmr-client_hmr-client_ts_e0464970._.js → 200 (16ms, 288B)
[2026-03-19T16:52:40.920Z] GET http://localhost:3000/_next/image?url=%2Fimages%2Fblueberrylemonade.PNG&w=256&q=75 → 304 (2ms, ?B)
[2026-03-19T16:52:44.139Z] GET http://localhost:3000/_next/image?url=%2Fimages%2Flavenderlemonade.PNG&w=256&q=75 → 304 (5ms, ?B)
[2026-03-19T16:52:47.354Z] GET http://localhost:3000/_next/image?url=%2Fimages%2Fspicywatermelonlimeade.PNG&w=256&q=75 → 304 (4ms, ?B)
[2026-03-19T16:52:50.578Z] GET http://localhost:3000/_next/image?url=%2Fimages%2Fmojito.PNG&w=256&q=75 → 304 (4ms, ?B)
[2026-03-19T16:52:53.796Z] GET http://localhost:3000/_next/image?url=%2Fimages%2Fcucumbermint.PNG&w=256&q=75 → 304 (6ms, ?B)
[2026-03-19T16:52:57.013Z] GET http://localhost:3000/_next/image?url=%2Fimages%2Fpaloma.PNG&w=256&q=75 → 304 (5ms, ?B)
[2026-03-19T16:53:00.238Z] GET http://localhost:3000/_next/image?url=%2Fimages%2Faperolspritz.PNG&w=256&q=75 → 304 (5ms, ?B)
[2026-03-19T16:53:03.454Z] GET http://localhost:3000/_next/image?url=%2Fimages%2Forangefanta.PNG&w=256&q=75 → 304 (5ms, ?B)
[2026-03-19T16:53:06.678Z] GET http://localhost:3000/_next/image?url=%2Fimages%2FPeach%20Bellini.jpeg&w=256&q=75 → 304 (5ms, ?B)
[2026-03-19T16:53:09.896Z] GET http://localhost:3000/_next/image?url=%2Fimages%2FShirley%20Temple.PNG&w=256&q=75 → 304 (7ms, ?B)
[2026-03-19T16:53:13.113Z] GET http://localhost:3000/_next/image?url=%2Fimages%2FPeach%20Sweet%20Tea.PNG&w=256&q=75 → 200 (4ms, 4684B)
[2026-03-19T16:53:16.338Z] GET http://localhost:3000/_next/image?url=%2Fimages%2Fpistachio-caramel-cup.png&w=256&q=75 → 200 (8ms, 7246B)
[2026-03-19T16:53:19.554Z] GET http://localhost:3000/_next/image?url=%2Fimages%2Fchocolate-pretzel-cup.png&w=256&q=75 → 200 (8ms, 6178B)
[2026-03-19T16:53:22.770Z] GET http://localhost:3000/_next/image?url=%2Fimages%2Fclassiccoffee.PNG&w=256&q=75 → 200 (6ms, 5656B)
[2026-03-19T16:53:25.997Z] GET http://localhost:3000/_next/image?url=%2Fimages%2Fexpressomartini.PNG&w=256&q=75 → 200 (8ms, 5494B)
[2026-03-19T16:53:29.212Z] GET http://localhost:3000/_next/image?url=%2Fimages%2FHazelnutLatte.PNG&w=256&q=75 → 200 (7ms, 5430B)
[2026-03-19T16:54:23.852Z] GET http://localhost:3000/ → pending (?ms, ?B)
[2026-03-19T16:54:23.954Z] GET http://localhost:3000/_next/static/chunks/Documents_snacksandsipsweb_src_app_globals_3dde203c.css → 200 (5ms, 44718B)
[2026-03-19T16:54:23.954Z] GET http://localhost:3000/_next/static/chunks/%5Bturbopack%5D_browser_dev_hmr-client_hmr-client_ts_6439aca5._.js → 200 (4ms, 671B)
[2026-03-19T16:54:23.955Z] GET http://localhost:3000/_next/static/chunks/3b8a9_next_dist_compiled_react-dom_09771519._.js → 200 (47ms, 1048468B)
[2026-03-19T16:54:23.955Z] GET http://localhost:3000/_next/static/chunks/3b8a9_next_dist_compiled_react-server-dom-turbopack_d02bf5d5._.js → 200 (13ms, 171348B)
[2026-03-19T16:54:23.955Z] GET http://localhost:3000/_next/static/chunks/3b8a9_next_dist_compiled_next-devtools_index_cb57f504.js → 200 (47ms, 816073B)
[2026-03-19T16:54:23.955Z] GET http://localhost:3000/_next/static/chunks/3b8a9_next_dist_compiled_bd962a6d._.js → 200 (14ms, 145631B)
[2026-03-19T16:54:23.955Z] GET http://localhost:3000/_next/static/chunks/3b8a9_next_dist_client_a31fcd97._.js → 200 (34ms, 634911B)
[2026-03-19T16:54:23.955Z] GET http://localhost:3000/_next/static/chunks/3b8a9_next_dist_52ea5e9f._.js → 200 (22ms, 213608B)
[2026-03-19T16:54:23.955Z] GET http://localhost:3000/_next/static/chunks/3b8a9_%40swc_helpers_cjs_c61ebb71._.js → 200 (14ms, 2026B)
[2026-03-19T16:54:23.955Z] GET http://localhost:3000/_next/static/chunks/Documents_snacksandsipsweb_a0ff3932._.js → 200 (14ms, 734B)
[2026-03-19T16:54:23.955Z] GET http://localhost:3000/_next/static/chunks/turbopack-Documents_snacksandsipsweb_df805113._.js → 200 (22ms, 75001B)
[2026-03-19T16:54:23.955Z] GET http://localhost:3000/_next/static/chunks/3b8a9_next_dist_71eaacc2._.js → 200 (22ms, 129895B)
[2026-03-19T16:54:23.955Z] GET http://localhost:3000/_next/static/chunks/3b8a9_next_dist_client_components_builtin_global-error_16a6d191.js → 200 (22ms, 255B)
[2026-03-19T16:54:23.955Z] GET http://localhost:3000/_next/static/chunks/Documents_snacksandsipsweb_2a95ea06._.js → 200 (33ms, 68260B)
[2026-03-19T16:54:23.955Z] GET http://localhost:3000/_next/static/chunks/Documents_snacksandsipsweb_src_app_layout_tsx_16a6d191._.js → 200 (33ms, 341B)
[2026-03-19T16:54:23.955Z] GET http://localhost:3000/_next/static/chunks/3b8a9_next_051026d0._.js → 200 (34ms, 141416B)
[2026-03-19T16:54:23.955Z] GET http://localhost:3000/_next/static/chunks/Documents_snacksandsipsweb_src_app_page_tsx_2471385e._.js → 200 (34ms, 54735B)
[2026-03-19T16:54:23.955Z] GET http://localhost:3000/_next/static/chunks/Documents_snacksandsipsweb_src_app_page_tsx_7afd8e66._.js → 200 (33ms, 327B)
[2026-03-19T16:54:23.955Z] GET https://fonts.googleapis.com/css2?family=Playfair+Display:ital,wght@0,400;0,500;0,600;0,700;1,400;1,500&family=Inter:wght@300;400;500;600&display=swap → 200 (?ms, 20018B)
[2026-03-19T16:54:23.956Z] GET http://localhost:3000/videos/HoneyOnBoard.mov → pending (?ms, ?B)
[2026-03-19T16:54:23.956Z] GET http://localhost:3000/videos/HoneyOnBoard.mov → 206 (33ms, 39453B)
[2026-03-19T16:54:23.967Z] GET https://fonts.gstatic.com/s/inter/v20/UcC73FwrK3iLTeHuS_nVMrMxCp50SjIa1ZL7W0Q5nw.woff2 → 200 (?ms, ?B)
[2026-03-19T16:54:23.967Z] GET https://fonts.gstatic.com/s/playfairdisplay/v40/nuFkD-vYSZviVYUb_rj3ij__anPXDTnogkk7yRZrPA.woff2 → 200 (?ms, ?B)
[2026-03-19T16:54:23.967Z] GET https://fonts.gstatic.com/s/playfairdisplay/v40/nuFiD-vYSZviVYUb_rj3ij__anPXDTzYgEM86xQ.woff2 → 200 (?ms, ?B)
[2026-03-19T16:54:23.967Z] GET http://localhost:3000/_next/image?url=%2Fimages%2Fcharcuterie-board-closeup.jpg&w=640&q=75 → 304 (24ms, ?B)
[2026-03-19T16:54:23.967Z] GET http://localhost:3000/_next/image?url=%2Fimages%2FJC6A0489.JPEG&w=640&q=75 → 304 (24ms, ?B)
[2026-03-19T16:54:23.967Z] GET http://localhost:3000/_next/image?url=%2Fimages%2Fvalentineboard.png&w=640&q=75 → 304 (25ms, ?B)
[2026-03-19T16:54:23.967Z] GET http://localhost:3000/_next/image?url=%2Fimages%2FJC6A0643.JPEG&w=1200&q=75 → 304 (25ms, ?B)
[2026-03-19T16:54:23.967Z] GET http://localhost:3000/_next/image?url=%2Fimages%2FBirthday%20Cake.PNG&w=256&q=75 → 304 (26ms, ?B)
[2026-03-19T16:54:23.967Z] GET http://localhost:3000/_next/image?url=%2Fimages%2Fpink-strawberry-slush.png&w=256&q=75 → 304 (27ms, ?B)
[2026-03-19T16:54:23.967Z] GET http://localhost:3000/_next/image?url=%2Fimages%2Fyellow-mango-slush.png&w=256&q=75 → 304 (27ms, ?B)
[2026-03-19T16:54:23.967Z] GET http://localhost:3000/_next/image?url=%2Fimages%2Fblue-mango-cup.png&w=256&q=75 → 304 (34ms, ?B)
[2026-03-19T16:54:23.967Z] GET http://localhost:3000/_next/image?url=%2Fimages%2Ffrozenhotchoclate.PNG&w=256&q=75 → 304 (34ms, ?B)
[2026-03-19T16:54:23.967Z] GET http://localhost:3000/_next/image?url=%2Fimages%2Fpinacolada.PNG&w=256&q=75 → 304 (34ms, ?B)
[2026-03-19T16:54:23.967Z] GET http://localhost:3000/_next/image?url=%2Fimages%2Fdreamsicle.PNG&w=256&q=75 → 304 (34ms, ?B)
[2026-03-19T16:54:23.968Z] GET http://localhost:3000/_next/image?url=%2Fimages%2Fpineapple-habanero.png&w=256&q=75 → 304 (34ms, ?B)
[2026-03-19T16:54:23.968Z] GET http://localhost:3000/_next/image?url=%2Fimages%2Fstrawberry-kiwi-fizz.png&w=256&q=75 → 304 (34ms, ?B)
[2026-03-19T16:54:23.968Z] GET http://localhost:3000/_next/image?url=%2Fimages%2Fbajablast.PNG&w=256&q=75 → 304 (34ms, ?B)
[2026-03-19T16:54:23.968Z] GET http://localhost:3000/_next/image?url=%2Fimages%2Fpinkstarburst.PNG&w=256&q=75 → 304 (34ms, ?B)
[2026-03-19T16:54:23.968Z] GET http://localhost:3000/_next/image?url=%2Fimages%2Fkiwicoconut.PNG&w=256&q=75 → 304 (34ms, ?B)
[2026-03-19T16:54:23.968Z] GET http://localhost:3000/_next/image?url=%2Fimages%2Fblueberrylemonade.PNG&w=256&q=75 → 304 (34ms, ?B)
[2026-03-19T16:54:24.008Z] GET http://localhost:3000/_next/static/chunks/%5Bturbopack%5D_browser_dev_hmr-client_hmr-client_ts_c8c997ce._.js → 200 (13ms, 15433B)
[2026-03-19T16:54:24.008Z] GET http://localhost:3000/_next/static/chunks/%5Bturbopack%5D_browser_dev_hmr-client_hmr-client_ts_e0464970._.js → 200 (13ms, 288B)
[2026-03-19T16:54:24.531Z] GET http://localhost:3000/videos/HoneyOnBoard.mov → 206 (1ms, 7805469B)
[2026-03-19T16:54:26.563Z] GET http://localhost:3000/_next/image?url=%2Fimages%2Flavenderlemonade.PNG&w=256&q=75 → 304 (6ms, ?B)
[2026-03-19T16:54:29.779Z] GET http://localhost:3000/_next/image?url=%2Fimages%2Fspicywatermelonlimeade.PNG&w=256&q=75 → 304 (6ms, ?B)
[2026-03-19T16:54:33.004Z] GET http://localhost:3000/_next/image?url=%2Fimages%2Fmojito.PNG&w=256&q=75 → 304 (6ms, ?B)
[2026-03-19T16:54:36.220Z] GET http://localhost:3000/_next/image?url=%2Fimages%2Fcucumbermint.PNG&w=256&q=75 → 304 (6ms, ?B)
[2026-03-19T16:54:39.445Z] GET http://localhost:3000/_next/image?url=%2Fimages%2Fpaloma.PNG&w=256&q=75 → 304 (6ms, ?B)
[2026-03-19T16:54:42.662Z] GET http://localhost:3000/_next/image?url=%2Fimages%2Faperolspritz.PNG&w=256&q=75 → 304 (6ms, ?B)
[2026-03-19T16:54:45.887Z] GET http://localhost:3000/_next/image?url=%2Fimages%2Forangefanta.PNG&w=256&q=75 → 304 (6ms, ?B)
[2026-03-19T16:54:49.103Z] GET http://localhost:3000/_next/image?url=%2Fimages%2FPeach%20Bellini.jpeg&w=256&q=75 → 304 (6ms, ?B)
[2026-03-19T16:54:52.328Z] GET http://localhost:3000/_next/image?url=%2Fimages%2FShirley%20Temple.PNG&w=256&q=75 → 304 (5ms, ?B)
[2026-03-19T16:54:55.545Z] GET http://localhost:3000/_next/image?url=%2Fimages%2FPeach%20Sweet%20Tea.PNG&w=256&q=75 → 304 (6ms, ?B)
[2026-03-19T16:54:58.771Z] GET http://localhost:3000/_next/image?url=%2Fimages%2Fpistachio-caramel-cup.png&w=256&q=75 → 304 (5ms, ?B)
[2026-03-19T16:55:01.986Z] GET http://localhost:3000/_next/image?url=%2Fimages%2Fchocolate-pretzel-cup.png&w=256&q=75 → 304 (5ms, ?B)
[2026-03-19T16:55:05.212Z] GET http://localhost:3000/_next/image?url=%2Fimages%2Fclassiccoffee.PNG&w=256&q=75 → 304 (6ms, ?B)
[2026-03-19T16:55:08.429Z] GET http://localhost:3000/_next/image?url=%2Fimages%2Fexpressomartini.PNG&w=256&q=75 → 304 (7ms, ?B)
[2026-03-19T16:55:11.645Z] GET http://localhost:3000/_next/image?url=%2Fimages%2FHazelnutLatte.PNG&w=256&q=75 → 304 (6ms, ?B)
